Archive member included to satisfy reference by file (symbol)

C:/Program Files (x86)/Arm GNU Toolchain arm-none-eabi/13.2 Rel1/bin/../lib/gcc/arm-none-eabi/13.2.1/thumb/v7e-m+fp/hard\libc_nano.a(libc_a-exit.o)
                              C:/Program Files (x86)/Arm GNU Toolchain arm-none-eabi/13.2 Rel1/bin/../lib/gcc/arm-none-eabi/13.2.1/thumb/v7e-m+fp/hard/crt0.o (exit)
C:/Program Files (x86)/Arm GNU Toolchain arm-none-eabi/13.2 Rel1/bin/../lib/gcc/arm-none-eabi/13.2.1/thumb/v7e-m+fp/hard\libc_nano.a(libc_a-findfp.o)
                              C:/Program Files (x86)/Arm GNU Toolchain arm-none-eabi/13.2 Rel1/bin/../lib/gcc/arm-none-eabi/13.2.1/thumb/v7e-m+fp/hard\libc_nano.a(libc_a-exit.o) (__stdio_exit_handler)
C:/Program Files (x86)/Arm GNU Toolchain arm-none-eabi/13.2 Rel1/bin/../lib/gcc/arm-none-eabi/13.2.1/thumb/v7e-m+fp/hard\libc_nano.a(libc_a-fwalk.o)
                              C:/Program Files (x86)/Arm GNU Toolchain arm-none-eabi/13.2 Rel1/bin/../lib/gcc/arm-none-eabi/13.2.1/thumb/v7e-m+fp/hard\libc_nano.a(libc_a-findfp.o) (_fwalk_sglue)
C:/Program Files (x86)/Arm GNU Toolchain arm-none-eabi/13.2 Rel1/bin/../lib/gcc/arm-none-eabi/13.2.1/thumb/v7e-m+fp/hard\libc_nano.a(libc_a-stdio.o)
                              C:/Program Files (x86)/Arm GNU Toolchain arm-none-eabi/13.2 Rel1/bin/../lib/gcc/arm-none-eabi/13.2.1/thumb/v7e-m+fp/hard\libc_nano.a(libc_a-findfp.o) (__sread)
C:/Program Files (x86)/Arm GNU Toolchain arm-none-eabi/13.2 Rel1/bin/../lib/gcc/arm-none-eabi/13.2.1/thumb/v7e-m+fp/hard\libc_nano.a(libc_a-memset.o)
                              C:/Program Files (x86)/Arm GNU Toolchain arm-none-eabi/13.2 Rel1/bin/../lib/gcc/arm-none-eabi/13.2.1/thumb/v7e-m+fp/hard/crt0.o (memset)
C:/Program Files (x86)/Arm GNU Toolchain arm-none-eabi/13.2 Rel1/bin/../lib/gcc/arm-none-eabi/13.2.1/thumb/v7e-m+fp/hard\libc_nano.a(libc_a-closer.o)
                              C:/Program Files (x86)/Arm GNU Toolchain arm-none-eabi/13.2 Rel1/bin/../lib/gcc/arm-none-eabi/13.2.1/thumb/v7e-m+fp/hard\libc_nano.a(libc_a-stdio.o) (_close_r)
C:/Program Files (x86)/Arm GNU Toolchain arm-none-eabi/13.2 Rel1/bin/../lib/gcc/arm-none-eabi/13.2.1/thumb/v7e-m+fp/hard\libc_nano.a(libc_a-reent.o)
                              C:/Program Files (x86)/Arm GNU Toolchain arm-none-eabi/13.2 Rel1/bin/../lib/gcc/arm-none-eabi/13.2.1/thumb/v7e-m+fp/hard\libc_nano.a(libc_a-closer.o) (errno)
C:/Program Files (x86)/Arm GNU Toolchain arm-none-eabi/13.2 Rel1/bin/../lib/gcc/arm-none-eabi/13.2.1/thumb/v7e-m+fp/hard\libc_nano.a(libc_a-impure.o)
                              C:/Program Files (x86)/Arm GNU Toolchain arm-none-eabi/13.2 Rel1/bin/../lib/gcc/arm-none-eabi/13.2.1/thumb/v7e-m+fp/hard\libc_nano.a(libc_a-reent.o) (_impure_ptr)
C:/Program Files (x86)/Arm GNU Toolchain arm-none-eabi/13.2 Rel1/bin/../lib/gcc/arm-none-eabi/13.2.1/thumb/v7e-m+fp/hard\libc_nano.a(libc_a-lseekr.o)
                              C:/Program Files (x86)/Arm GNU Toolchain arm-none-eabi/13.2 Rel1/bin/../lib/gcc/arm-none-eabi/13.2.1/thumb/v7e-m+fp/hard\libc_nano.a(libc_a-stdio.o) (_lseek_r)
C:/Program Files (x86)/Arm GNU Toolchain arm-none-eabi/13.2 Rel1/bin/../lib/gcc/arm-none-eabi/13.2.1/thumb/v7e-m+fp/hard\libc_nano.a(libc_a-readr.o)
                              C:/Program Files (x86)/Arm GNU Toolchain arm-none-eabi/13.2 Rel1/bin/../lib/gcc/arm-none-eabi/13.2.1/thumb/v7e-m+fp/hard\libc_nano.a(libc_a-stdio.o) (_read_r)
C:/Program Files (x86)/Arm GNU Toolchain arm-none-eabi/13.2 Rel1/bin/../lib/gcc/arm-none-eabi/13.2.1/thumb/v7e-m+fp/hard\libc_nano.a(libc_a-writer.o)
                              C:/Program Files (x86)/Arm GNU Toolchain arm-none-eabi/13.2 Rel1/bin/../lib/gcc/arm-none-eabi/13.2.1/thumb/v7e-m+fp/hard\libc_nano.a(libc_a-stdio.o) (_write_r)
C:/Program Files (x86)/Arm GNU Toolchain arm-none-eabi/13.2 Rel1/bin/../lib/gcc/arm-none-eabi/13.2.1/thumb/v7e-m+fp/hard\libc_nano.a(libc_a-init.o)
                              C:/Program Files (x86)/Arm GNU Toolchain arm-none-eabi/13.2 Rel1/bin/../lib/gcc/arm-none-eabi/13.2.1/thumb/v7e-m+fp/hard/crt0.o (__libc_init_array)
C:/Program Files (x86)/Arm GNU Toolchain arm-none-eabi/13.2 Rel1/bin/../lib/gcc/arm-none-eabi/13.2.1/thumb/v7e-m+fp/hard\libc_nano.a(libc_a-lock.o)
                              C:/Program Files (x86)/Arm GNU Toolchain arm-none-eabi/13.2 Rel1/bin/../lib/gcc/arm-none-eabi/13.2.1/thumb/v7e-m+fp/hard\libc_nano.a(libc_a-findfp.o) (__retarget_lock_init_recursive)
C:/Program Files (x86)/Arm GNU Toolchain arm-none-eabi/13.2 Rel1/bin/../lib/gcc/arm-none-eabi/13.2.1/thumb/v7e-m+fp/hard\libc_nano.a(libc_a-freer.o)
                              C:/Program Files (x86)/Arm GNU Toolchain arm-none-eabi/13.2 Rel1/bin/../lib/gcc/arm-none-eabi/13.2.1/thumb/v7e-m+fp/hard\libc_nano.a(libc_a-reent.o) (_free_r)
C:/Program Files (x86)/Arm GNU Toolchain arm-none-eabi/13.2 Rel1/bin/../lib/gcc/arm-none-eabi/13.2.1/thumb/v7e-m+fp/hard\libc_nano.a(libc_a-mallocr.o)
[...]
Memory Configuration

Name             Origin             Length             Attributes
RETRAM_interrupts 0x00000000         0x00000600         xrw
SRAM1_text       0x10000000         0x00020000         xrw
SRAM2_data       0x10020000         0x00020000         xrw
SRAM3_ipc_shm    0x10040000         0x00010000         xrw
SRAM4            0x10050000         0x00010000         xrw
*default*        0x00000000         0xffffffff

Linker script and memory map

LOAD C:/Program Files (x86)/Arm GNU Toolchain arm-none-eabi/13.2 Rel1/bin/../lib/gcc/arm-none-eabi/13.2.1/thumb/v7e-m+fp/hard/crti.o
LOAD C:/Program Files (x86)/Arm GNU Toolchain arm-none-eabi/13.2 Rel1/bin/../lib/gcc/arm-none-eabi/13.2.1/thumb/v7e-m+fp/hard/crtbegin.o
LOAD C:/Program Files (x86)/Arm GNU Toolchain arm-none-eabi/13.2 Rel1/bin/../lib/gcc/arm-none-eabi/13.2.1/thumb/v7e-m+fp/hard/crt0.o
START GROUP
LOAD C:/Program Files (x86)/Arm GNU Toolchain arm-none-eabi/13.2 Rel1/bin/../lib/gcc/arm-none-eabi/13.2.1/thumb/v7e-m+fp/hard\libc_nano.a
LOAD C:/Program Files (x86)/Arm GNU Toolchain arm-none-eabi/13.2 Rel1/bin/../lib/gcc/arm-none-eabi/13.2.1/thumb/v7e-m+fp/hard\libm.a
END GROUP
LOAD CMakeFiles/pocat_moon_sw.elf.dir/Drivers/STM32MP1xx_HAL_Driver/Src/stm32mp1xx_hal.c.obj
LOAD CMakeFiles/pocat_moon_sw.elf.dir/Drivers/STM32MP1xx_HAL_Driver/Src/stm32mp1xx_hal_cortex.c.obj
LOAD CMakeFiles/pocat_moon_sw.elf.dir/Drivers/STM32MP1xx_HAL_Driver/Src/stm32mp1xx_hal_dma.c.obj
LOAD CMakeFiles/pocat_moon_sw.elf.dir/Drivers/STM32MP1xx_HAL_Driver/Src/stm32mp1xx_hal_dma_ex.c.obj
LOAD CMakeFiles/pocat_moon_sw.elf.dir/Drivers/STM32MP1xx_HAL_Driver/Src/stm32mp1xx_hal_exti.c.obj
LOAD CMakeFiles/pocat_moon_sw.elf.dir/Drivers/STM32MP1xx_HAL_Driver/Src/stm32mp1xx_hal_gpio.c.obj
LOAD CMakeFiles/pocat_moon_sw.elf.dir/Drivers/STM32MP1xx_HAL_Driver/Src/stm32mp1xx_hal_hsem.c.obj
LOAD CMakeFiles/pocat_moon_sw.elf.dir/Drivers/STM32MP1xx_HAL_Driver/Src/stm32mp1xx_hal_ipcc.c.obj
LOAD CMakeFiles/pocat_moon_sw.elf.dir/Drivers/STM32MP1xx_HAL_Driver/Src/stm32mp1xx_hal_mdma.c.obj
LOAD CMakeFiles/pocat_moon_sw.elf.dir/Drivers/STM32MP1xx_HAL_Driver/Src/stm32mp1xx_hal_pwr.c.obj
LOAD CMakeFiles/pocat_moon_sw.elf.dir/Drivers/STM32MP1xx_HAL_Driver/Src/stm32mp1xx_hal_pwr_ex.c.obj
LOAD CMakeFiles/pocat_moon_sw.elf.dir/Drivers/STM32MP1xx_HAL_Driver/Src/stm32mp1xx_hal_rcc.c.obj
LOAD CMakeFiles/pocat_moon_sw.elf.dir/Drivers/STM32MP1xx_HAL_Driver/Src/stm32mp1xx_hal_rcc_ex.c.obj
LOAD CMakeFiles/pocat_moon_sw.elf.dir/Drivers/STM32MP1xx_HAL_Driver/Src/stm32mp1xx_hal_spi.c.obj
LOAD CMakeFiles/pocat_moon_sw.elf.dir/Drivers/STM32MP1xx_HAL_Driver/Src/stm32mp1xx_hal_spi_ex.c.obj
LOAD CMakeFiles/pocat_moon_sw.elf.dir/Drivers/STM32MP1xx_HAL_Driver/Src/stm32mp1xx_hal_uart.c.obj
LOAD CMakeFiles/pocat_moon_sw.elf.dir/Drivers/STM32MP1xx_HAL_Driver/Src/stm32mp1xx_hal_uart_ex.c.obj
LOAD CMakeFiles/pocat_moon_sw.elf.dir/Middlewares/Third_Party/FreeRTOS/croutine.c.obj
LOAD CMakeFiles/pocat_moon_sw.elf.dir/Middlewares/Third_Party/FreeRTOS/event_groups.c.obj
LOAD CMakeFiles/pocat_moon_sw.elf.dir/Middlewares/Third_Party/FreeRTOS/list.c.obj
LOAD CMakeFiles/pocat_moon_sw.elf.dir/Middlewares/Third_Party/FreeRTOS/queue.c.obj
LOAD CMakeFiles/pocat_moon_sw.elf.dir/Middlewares/Third_Party/FreeRTOS/stream_buffer.c.obj
LOAD CMakeFiles/pocat_moon_sw.elf.dir/Middlewares/Third_Party/FreeRTOS/tasks.c.obj
LOAD CMakeFiles/pocat_moon_sw.elf.dir/Middlewares/Third_Party/FreeRTOS/timers.c.obj
LOAD CMakeFiles/pocat_moon_sw.elf.dir/Middlewares/Third_Party/FreeRTOS/portable/GCC/ARM_CM4F/port.c.obj
LOAD CMakeFiles/pocat_moon_sw.elf.dir/Middlewares/Third_Party/FreeRTOS/CMSIS_RTOS/cmsis_os.c.obj
LOAD CMakeFiles/pocat_moon_sw.elf.dir/Core/Src/Subsystems/adcs.c.obj
LOAD CMakeFiles/pocat_moon_sw.elf.dir/Core/Src/Subsystems/eps.c.obj
LOAD CMakeFiles/pocat_moon_sw.elf.dir/Core/Src/Subsystems/obc.c.obj
LOAD CMakeFiles/pocat_moon_sw.elf.dir/Core/Src/Subsystems/obdh.c.obj
LOAD CMakeFiles/pocat_moon_sw.elf.dir/Core/Src/Subsystems/payload.c.obj
LOAD CMakeFiles/pocat_moon_sw.elf.dir/Core/Src/Utils/freertos.c.obj
LOAD CMakeFiles/pocat_moon_sw.elf.dir/Core/Src/Utils/log.c.obj
LOAD CMakeFiles/pocat_moon_sw.elf.dir/Core/Src/main.c.obj
LOAD CMakeFiles/pocat_moon_sw.elf.dir/Core/Src/stm32mp1xx_hal_msp.c.obj
LOAD CMakeFiles/pocat_moon_sw.elf.dir/Core/Src/stm32mp1xx_it.c.obj
LOAD CMakeFiles/pocat_moon_sw.elf.dir/Core/Startup/startup_stm32mp157facx.s.obj
START GROUP
LOAD C:/Program Files (x86)/Arm GNU Toolchain arm-none-eabi/13.2 Rel1/bin/../lib/gcc/arm-none-eabi/13.2.1/thumb/v7e-m+fp/hard\libgcc.a
LOAD C:/Program Files (x86)/Arm GNU Toolchain arm-none-eabi/13.2 Rel1/bin/../lib/gcc/arm-none-eabi/13.2.1/thumb/v7e-m+fp/hard\libg_nano.a
LOAD C:/Program Files (x86)/Arm GNU Toolchain arm-none-eabi/13.2 Rel1/bin/../lib/gcc/arm-none-eabi/13.2.1/thumb/v7e-m+fp/hard\libc_nano.a
END GROUP
START GROUP
LOAD C:/Program Files (x86)/Arm GNU Toolchain arm-none-eabi/13.2 Rel1/bin/../lib/gcc/arm-none-eabi/13.2.1/thumb/v7e-m+fp/hard\libgcc.a
LOAD C:/Program Files (x86)/Arm GNU Toolchain arm-none-eabi/13.2 Rel1/bin/../lib/gcc/arm-none-eabi/13.2.1/thumb/v7e-m+fp/hard\libc_nano.a
LOAD C:/Program Files (x86)/Arm GNU Toolchain arm-none-eabi/13.2 Rel1/bin/../lib/gcc/arm-none-eabi/13.2.1/thumb/v7e-m+fp/hard\libnosys.a
END GROUP
START GROUP
LOAD C:/Program Files (x86)/Arm GNU Toolchain arm-none-eabi/13.2 Rel1/bin/../lib/gcc/arm-none-eabi/13.2.1/thumb/v7e-m+fp/hard\libgcc.a
LOAD C:/Program Files (x86)/Arm GNU Toolchain arm-none-eabi/13.2 Rel1/bin/../lib/gcc/arm-none-eabi/13.2.1/thumb/v7e-m+fp/hard\libc_nano.a
LOAD C:/Program Files (x86)/Arm GNU Toolchain arm-none-eabi/13.2 Rel1/bin/../lib/gcc/arm-none-eabi/13.2.1/thumb/v7e-m+fp/hard\libnosys.a
END GROUP
LOAD C:/Program Files (x86)/Arm GNU Toolchain arm-none-eabi/13.2 Rel1/bin/../lib/gcc/arm-none-eabi/13.2.1/thumb/v7e-m+fp/hard/crtend.o
LOAD C:/Program Files (x86)/Arm GNU Toolchain arm-none-eabi/13.2 Rel1/bin/../lib/gcc/arm-none-eabi/13.2.1/thumb/v7e-m+fp/hard/crtn.o
                0x10040000                        _estack = (ORIGIN (SRAM2_data) + LENGTH (SRAM2_data))
                0x00000200                        _Min_Heap_Size = 0x200
                0x00000400                        _Min_Stack_Size = 0x400
                0x10040000                        __OPENAMP_region_start__ = ORIGIN (SRAM3_ipc_shm)
                0x10050000                        __OPENAMP_region_end__ = (ORIGIN (SRAM3_ipc_shm) + LENGTH (SRAM3_ipc_shm))

.isr_vector     0x00000000      0x298
                0x00000000                        . = ALIGN (0x4)
 *(.isr_vector)
 .isr_vector    0x00000000      0x298 CMakeFiles/pocat_moon_sw.elf.dir/Core/Startup/startup_stm32mp157facx.s.obj
                0x00000000                g_pfnVectors
                0x00000298                        . = ALIGN (0x4)

.text           0x10000000     0x564c
                0x10000000                        . = ALIGN (0x4)
 *(.text)
 *(.text*)
 .text.deregister_tm_clones
                0x10000000       0x1c C:/Program Files (x86)/Arm GNU Toolchain arm-none-eabi/13.2 Rel1/bin/../lib/gcc/arm-none-eabi/13.2.1/thumb/v7e-m+fp/hard/crtbegin.o
 .text.register_tm_clones
                0x1000001c       0x24 C:/Program Files (x86)/Arm GNU Toolchain arm-none-eabi/13.2 Rel1/bin/../lib/gcc/arm-none-eabi/13.2.1/thumb/v7e-m+fp/hard/crtbegin.o
 .text.__do_global_dtors_aux
                0x10000040       0x28 C:/Program Files (x86)/Arm GNU Toolchain arm-none-eabi/13.2 Rel1/bin/../lib/gcc/arm-none-eabi/13.2.1/thumb/v7e-m+fp/hard/crtbegin.o
 .text.frame_dummy
                0x10000068       0x24 C:/Program Files (x86)/Arm GNU Toolchain arm-none-eabi/13.2 Rel1/bin/../lib/gcc/arm-none-eabi/13.2.1/thumb/v7e-m+fp/hard/crtbegin.o
 .text.std      0x1000008c       0x6c C:/Program Files (x86)/Arm GNU Toolchain arm-none-eabi/13.2 Rel1/bin/../lib/gcc/arm-none-eabi/13.2.1/thumb/v7e-m+fp/hard\libc_nano.a(libc_a-findfp.o)
 .text.stdio_exit_handler
                0x100000f8       0x18 C:/Program Files (x86)/Arm GNU Toolchain arm-none-eabi/13.2 Rel1/bin/../lib/gcc/arm-none-eabi/13.2.1/thumb/v7e-m+fp/hard\libc_nano.a(libc_a-findfp.o)
 .text.cleanup_stdio
                0x10000110       0x40 C:/Program Files (x86)/Arm GNU Toolchain arm-none-eabi/13.2 Rel1/bin/../lib/gcc/arm-none-eabi/13.2.1/thumb/v7e-m+fp/hard\libc_nano.a(libc_a-findfp.o)
 .text.global_stdio_init.part.0
                0x10000150       0x3c C:/Program Files (x86)/Arm GNU Toolchain arm-none-eabi/13.2 Rel1/bin/../lib/gcc/arm-none-eabi/13.2.1/thumb/v7e-m+fp/hard\libc_nano.a(libc_a-findfp.o)
 .text.__sfp_lock_acquire
                0x1000018c        0xc C:/Program Files (x86)/Arm GNU Toolchain arm-none-eabi/13.2 Rel1/bin/../lib/gcc/arm-none-eabi/13.2.1/thumb/v7e-m+fp/hard\libc_nano.a(libc_a-findfp.o)
                0x1000018c                __sfp_lock_acquire
 .text.__sfp_lock_release
                0x10000198        0xc C:/Program Files (x86)/Arm GNU Toolchain arm-none-eabi/13.2 Rel1/bin/../lib/gcc/arm-none-eabi/13.2.1/thumb/v7e-m+fp/hard\libc_nano.a(libc_a-findfp.o)
                0x10000198                __sfp_lock_release
 .text.__sinit  0x100001a4       0x30 C:/Program Files (x86)/Arm GNU Toolchain arm-none-eabi/13.2 Rel1/bin/../lib/gcc/arm-none-eabi/13.2.1/thumb/v7e-m+fp/hard\libc_nano.a(libc_a-findfp.o)
                0x100001a4                __sinit
 .text._fwalk_sglue
                0x100001d4       0x3c C:/Program Files (x86)/Arm GNU Toolchain arm-none-eabi/13.2 Rel1/bin/../lib/gcc/arm-none-eabi/13.2.1/thumb/v7e-m+fp/hard\libc_nano.a(libc_a-fwalk.o)
                0x100001d4                _fwalk_sglue
 .text.__sread  0x10000210       0x22 C:/Program Files (x86)/Arm GNU Toolchain arm-none-eabi/13.2 Rel1/bin/../lib/gcc/arm-none-eabi/13.2.1/thumb/v7e-m+fp/hard\libc_nano.a(libc_a-stdio.o)
                0x10000210                __sread
 .text.__swrite
                0x10000232       0x38 C:/Program Files (x86)/Arm GNU Toolchain arm-none-eabi/13.2 Rel1/bin/../lib/gcc/arm-none-eabi/13.2.1/thumb/v7e-m+fp/hard\libc_nano.a(libc_a-stdio.o)
                0x10000232                __swrite
 .text.__sseek  0x1000026a       0x24 C:/Program Files (x86)/Arm GNU Toolchain arm-none-eabi/13.2 Rel1/bin/../lib/gcc/arm-none-eabi/13.2.1/thumb/v7e-m+fp/hard\libc_nano.a(libc_a-stdio.o)
                0x1000026a                __sseek
 .text.__sclose
                0x1000028e        0x8 C:/Program Files (x86)/Arm GNU Toolchain arm-none-eabi/13.2 Rel1/bin/../lib/gcc/arm-none-eabi/13.2.1/thumb/v7e-m+fp/hard\libc_nano.a(libc_a-stdio.o)
                0x1000028e                __sclose
 .text.memset   0x10000296       0x10 C:/Program Files (x86)/Arm GNU Toolchain arm-none-eabi/13.2 Rel1/bin/../lib/gcc/arm-none-eabi/13.2.1/thumb/v7e-m+fp/hard\libc_nano.a(libc_a-memset.o)
                0x10000296                memset
 *fill*         0x100002a6        0x2 
 .text._close_r
                0x100002a8       0x20 C:/Program Files (x86)/Arm GNU Toolchain arm-none-eabi/13.2 Rel1/bin/../lib/gcc/arm-none-eabi/13.2.1/thumb/v7e-m+fp/hard\libc_nano.a(libc_a-closer.o)
                0x100002a8                _close_r
 .text._reclaim_reent
                0x100002c8       0xac C:/Program Files (x86)/Arm GNU Toolchain arm-none-eabi/13.2 Rel1/bin/../lib/gcc/arm-none-eabi/13.2.1/thumb/v7e-m+fp/hard\libc_nano.a(libc_a-reent.o)
                0x100002c8                _reclaim_reent
 .text._lseek_r
                0x10000374       0x24 C:/Program Files (x86)/Arm GNU Toolchain arm-none-eabi/13.2 Rel1/bin/../lib/gcc/arm-none-eabi/13.2.1/thumb/v7e-m+fp/hard\libc_nano.a(libc_a-lseekr.o)
                0x10000374                _lseek_r
 .text._read_r  0x10000398       0x24 C:/Program Files (x86)/Arm GNU Toolchain arm-none-eabi/13.2 Rel1/bin/../lib/gcc/arm-none-eabi/13.2.1/thumb/v7e-m+fp/hard\libc_nano.a(libc_a-readr.o)
                0x10000398                _read_r
 .text._write_r
                0x100003bc       0x24 C:/Program Files (x86)/Arm GNU Toolchain arm-none-eabi/13.2 Rel1/bin/../lib/gcc/arm-none-eabi/13.2.1/thumb/v7e-m+fp/hard\libc_nano.a(libc_a-writer.o)
                0x100003bc                _write_r
 .text.__libc_init_array
                0x100003e0       0x48 C:/Program Files (x86)/Arm GNU Toolchain arm-none-eabi/13.2 Rel1/bin/../lib/gcc/arm-none-eabi/13.2.1/thumb/v7e-m+fp/hard\libc_nano.a(libc_a-init.o)
                0x100003e0                __libc_init_array
 .text.__retarget_lock_init_recursive
                0x10000428        0x2 C:/Program Files (x86)/Arm GNU Toolchain arm-none-eabi/13.2 Rel1/bin/../lib/gcc/arm-none-eabi/13.2.1/thumb/v7e-m+fp/hard\libc_nano.a(libc_a-lock.o)
                0x10000428                __retarget_lock_init_recursive
 .text.__retarget_lock_acquire_recursive
                0x1000042a        0x2 C:/Program Files (x86)/Arm GNU Toolchain arm-none-eabi/13.2 Rel1/bin/../lib/gcc/arm-none-eabi/13.2.1/thumb/v7e-m+fp/hard\libc_nano.a(libc_a-lock.o)
                0x1000042a                __retarget_lock_acquire_recursive
 .text.__retarget_lock_release_recursive
                0x1000042c        0x2 C:/Program Files (x86)/Arm GNU Toolchain arm-none-eabi/13.2 Rel1/bin/../lib/gcc/arm-none-eabi/13.2.1/thumb/v7e-m+fp/hard\libc_nano.a(libc_a-lock.o)
                0x1000042c                __retarget_lock_release_recursive
 *fill*         0x1000042e        0x2 
 .text._free_r  0x10000430       0x94 C:/Program Files (x86)/Arm GNU Toolchain arm-none-eabi/13.2 Rel1/bin/../lib/gcc/arm-none-eabi/13.2.1/thumb/v7e-m+fp/hard\libc_nano.a(libc_a-freer.o)
                0x10000430                _free_r
 .text.sbrk_aligned
                0x100004c4       0x44 C:/Program Files (x86)/Arm GNU Toolchain arm-none-eabi/13.2 Rel1/bin/../lib/gcc/arm-none-eabi/13.2.1/thumb/v7e-m+fp/hard\libc_nano.a(libc_a-mallocr.o)
 .text._malloc_r
                0x10000508      0x100 C:/Program Files (x86)/Arm GNU Toolchain arm-none-eabi/13.2 Rel1/bin/../lib/gcc/arm-none-eabi/13.2.1/thumb/v7e-m+fp/hard\libc_nano.a(libc_a-mallocr.o)
                0x10000508                _malloc_r
 .text.__malloc_lock
                0x10000608        0xc C:/Program Files (x86)/Arm GNU Toolchain arm-none-eabi/13.2 Rel1/bin/../lib/gcc/arm-none-eabi/13.2.1/thumb/v7e-m+fp/hard\libc_nano.a(libc_a-mlock.o)
                0x10000608                __malloc_lock
 .text.__malloc_unlock
                0x10000614        0xc C:/Program Files (x86)/Arm GNU Toolchain arm-none-eabi/13.2 Rel1/bin/../lib/gcc/arm-none-eabi/13.2.1/thumb/v7e-m+fp/hard\libc_nano.a(libc_a-mlock.o)
                0x10000614                __malloc_unlock
 .text.__sflush_r
                0x10000620      0x108 C:/Program Files (x86)/Arm GNU Toolchain arm-none-eabi/13.2 Rel1/bin/../lib/gcc/arm-none-eabi/13.2.1/thumb/v7e-m+fp/hard\libc_nano.a(libc_a-fflush.o)
                0x10000620                __sflush_r
 .text._fflush_r
                0x10000728       0x50 C:/Program Files (x86)/Arm GNU Toolchain arm-none-eabi/13.2 Rel1/bin/../lib/gcc/arm-none-eabi/13.2.1/thumb/v7e-m+fp/hard\libc_nano.a(libc_a-fflush.o)
                0x10000728                _fflush_r
 .text._sbrk_r  0x10000778       0x20 C:/Program Files (x86)/Arm GNU Toolchain arm-none-eabi/13.2 Rel1/bin/../lib/gcc/arm-none-eabi/13.2.1/thumb/v7e-m+fp/hard\libc_nano.a(libc_a-sbrkr.o)
                0x10000778                _sbrk_r
 .text.HAL_InitTick
                0x10000798       0x50 CMakeFiles/pocat_moon_sw.elf.dir/Drivers/STM32MP1xx_HAL_Driver/Src/stm32mp1xx_hal.c.obj
                0x10000798                HAL_InitTick
 .text.HAL_Init
                0x100007e8       0x2c CMakeFiles/pocat_moon_sw.elf.dir/Drivers/STM32MP1xx_HAL_Driver/Src/stm32mp1xx_hal.c.obj
                0x100007e8                HAL_Init
 .text.HAL_GetTick
                0x10000814        0xc CMakeFiles/pocat_moon_sw.elf.dir/Drivers/STM32MP1xx_HAL_Driver/Src/stm32mp1xx_hal.c.obj
                0x10000814                HAL_GetTick
 .text.__NVIC_EnableIRQ
                0x10000820       0x1c CMakeFiles/pocat_moon_sw.elf.dir/Drivers/STM32MP1xx_HAL_Driver/Src/stm32mp1xx_hal_cortex.c.obj
 .text.__NVIC_SetPriority
                0x1000083c       0x28 CMakeFiles/pocat_moon_sw.elf.dir/Drivers/STM32MP1xx_HAL_Driver/Src/stm32mp1xx_hal_cortex.c.obj
 .text.NVIC_EncodePriority
                0x10000864       0x3e CMakeFiles/pocat_moon_sw.elf.dir/Drivers/STM32MP1xx_HAL_Driver/Src/stm32mp1xx_hal_cortex.c.obj
 *fill*         0x100008a2        0x2 
 .text.HAL_NVIC_SetPriorityGrouping
                0x100008a4       0x24 CMakeFiles/pocat_moon_sw.elf.dir/Drivers/STM32MP1xx_HAL_Driver/Src/stm32mp1xx_hal_cortex.c.obj
                0x100008a4                HAL_NVIC_SetPriorityGrouping
 .text.HAL_NVIC_SetPriority
                0x100008c8       0x20 CMakeFiles/pocat_moon_sw.elf.dir/Drivers/STM32MP1xx_HAL_Driver/Src/stm32mp1xx_hal_cortex.c.obj
                0x100008c8                HAL_NVIC_SetPriority
 .text.HAL_NVIC_EnableIRQ
                0x100008e8        0x8 CMakeFiles/pocat_moon_sw.elf.dir/Drivers/STM32MP1xx_HAL_Driver/Src/stm32mp1xx_hal_cortex.c.obj
                0x100008e8                HAL_NVIC_EnableIRQ
 .text.HAL_SYSTICK_Config
                0x100008f0       0x28 CMakeFiles/pocat_moon_sw.elf.dir/Drivers/STM32MP1xx_HAL_Driver/Src/stm32mp1xx_hal_cortex.c.obj
                0x100008f0                HAL_SYSTICK_Config
 .text.HAL_GPIO_Init
                0x10000918      0x1e4 CMakeFiles/pocat_moon_sw.elf.dir/Drivers/STM32MP1xx_HAL_Driver/Src/stm32mp1xx_hal_gpio.c.obj
                0x10000918                HAL_GPIO_Init
 .text.HAL_IPCC_TX_IRQHandler
                0x10000afc       0x54 CMakeFiles/pocat_moon_sw.elf.dir/Drivers/STM32MP1xx_HAL_Driver/Src/stm32mp1xx_hal_ipcc.c.obj
                0x10000afc                HAL_IPCC_TX_IRQHandler
 .text.HAL_IPCC_RX_IRQHandler
                0x10000b50       0x4c CMakeFiles/pocat_moon_sw.elf.dir/Drivers/STM32MP1xx_HAL_Driver/Src/stm32mp1xx_hal_ipcc.c.obj
                0x10000b50                HAL_IPCC_RX_IRQHandler
 .text.HAL_PWR_EnableBkUpAccess
                0x10000b9c       0x10 CMakeFiles/pocat_moon_sw.elf.dir/Drivers/STM32MP1xx_HAL_Driver/Src/stm32mp1xx_hal_pwr.c.obj
                0x10000b9c                HAL_PWR_EnableBkUpAccess
 .text.HAL_RCC_HSEConfig
                0x10000bac       0xa0 CMakeFiles/pocat_moon_sw.elf.dir/Drivers/STM32MP1xx_HAL_Driver/Src/stm32mp1xx_hal_rcc.c.obj
                0x10000bac                HAL_RCC_HSEConfig
 .text.HAL_RCC_LSEConfig
                0x10000c4c       0xbe CMakeFiles/pocat_moon_sw.elf.dir/Drivers/STM32MP1xx_HAL_Driver/Src/stm32mp1xx_hal_rcc.c.obj
                0x10000c4c                HAL_RCC_LSEConfig
 *fill*         0x10000d0a        0x2 
 .text.RCC_PLL1_Config
                0x10000d0c      0x244 CMakeFiles/pocat_moon_sw.elf.dir/Drivers/STM32MP1xx_HAL_Driver/Src/stm32mp1xx_hal_rcc.c.obj
                0x10000d0c                RCC_PLL1_Config
 .text.RCC_MPUConfig
                0x10000f50       0xa0 CMakeFiles/pocat_moon_sw.elf.dir/Drivers/STM32MP1xx_HAL_Driver/Src/stm32mp1xx_hal_rcc.c.obj
                0x10000f50                RCC_MPUConfig
 .text.RCC_AXISSConfig
                0x10000ff0       0xce CMakeFiles/pocat_moon_sw.elf.dir/Drivers/STM32MP1xx_HAL_Driver/Src/stm32mp1xx_hal_rcc.c.obj
                0x10000ff0                RCC_AXISSConfig
 *fill*         0x100010be        0x2 
 .text.HAL_RCC_GetPLL2ClockFreq
                0x100010c0      0x124 CMakeFiles/pocat_moon_sw.elf.dir/Drivers/STM32MP1xx_HAL_Driver/Src/stm32mp1xx_hal_rcc.c.obj
                0x100010c0                HAL_RCC_GetPLL2ClockFreq
 .text.HAL_RCC_GetPLL3ClockFreq
                0x100011e4      0x148 CMakeFiles/pocat_moon_sw.elf.dir/Drivers/STM32MP1xx_HAL_Driver/Src/stm32mp1xx_hal_rcc.c.obj
                0x100011e4                HAL_RCC_GetPLL3ClockFreq
 .text.HAL_RCC_GetPLL4ClockFreq
                0x1000132c      0x154 CMakeFiles/pocat_moon_sw.elf.dir/Drivers/STM32MP1xx_HAL_Driver/Src/stm32mp1xx_hal_rcc.c.obj
                0x1000132c                HAL_RCC_GetPLL4ClockFreq
 .text.HAL_RCC_GetAXISSFreq
                0x10001480       0x58 CMakeFiles/pocat_moon_sw.elf.dir/Drivers/STM32MP1xx_HAL_Driver/Src/stm32mp1xx_hal_rcc.c.obj
                0x10001480                HAL_RCC_GetAXISSFreq
 .text.HAL_RCC_GetACLKFreq
                0x100014d8       0x20 CMakeFiles/pocat_moon_sw.elf.dir/Drivers/STM32MP1xx_HAL_Driver/Src/stm32mp1xx_hal_rcc.c.obj
                0x100014d8                HAL_RCC_GetACLKFreq
 .text.HAL_RCC_GetPCLK5Freq
                0x100014f8       0x1a CMakeFiles/pocat_moon_sw.elf.dir/Drivers/STM32MP1xx_HAL_Driver/Src/stm32mp1xx_hal_rcc.c.obj
                0x100014f8                HAL_RCC_GetPCLK5Freq
 *fill*         0x10001512        0x2 
 .text.HAL_RCC_GetMCUSSFreq
                0x10001514       0x50 CMakeFiles/pocat_moon_sw.elf.dir/Drivers/STM32MP1xx_HAL_Driver/Src/stm32mp1xx_hal_rcc.c.obj
                0x10001514                HAL_RCC_GetMCUSSFreq
 .text.HAL_RCC_GetMCUFreq
                0x10001564       0x1c CMakeFiles/pocat_moon_sw.elf.dir/Drivers/STM32MP1xx_HAL_Driver/Src/stm32mp1xx_hal_rcc.c.obj
                0x10001564                HAL_RCC_GetMCUFreq
 .text.HAL_RCC_GetPCLK1Freq
                0x10001580       0x1c CMakeFiles/pocat_moon_sw.elf.dir/Drivers/STM32MP1xx_HAL_Driver/Src/stm32mp1xx_hal_rcc.c.obj
                0x10001580                HAL_RCC_GetPCLK1Freq
 .text.HAL_RCC_GetPCLK2Freq
                0x1000159c       0x1c CMakeFiles/pocat_moon_sw.elf.dir/Drivers/STM32MP1xx_HAL_Driver/Src/stm32mp1xx_hal_rcc.c.obj
                0x1000159c                HAL_RCC_GetPCLK2Freq
 .text.HAL_RCC_GetSystemCoreClockFreq
                0x100015b8        0x8 CMakeFiles/pocat_moon_sw.elf.dir/Drivers/STM32MP1xx_HAL_Driver/Src/stm32mp1xx_hal_rcc.c.obj
                0x100015b8                HAL_RCC_GetSystemCoreClockFreq
 .text.HAL_RCC_OscConfig
                0x100015c0      0x51c CMakeFiles/pocat_moon_sw.elf.dir/Drivers/STM32MP1xx_HAL_Driver/Src/stm32mp1xx_hal_rcc.c.obj
                0x100015c0                HAL_RCC_OscConfig
 .text.RCC_MCUConfig
                0x10001adc       0xec CMakeFiles/pocat_moon_sw.elf.dir/Drivers/STM32MP1xx_HAL_Driver/Src/stm32mp1xx_hal_rcc.c.obj
                0x10001adc                RCC_MCUConfig
 .text.HAL_RCC_ClockConfig
                0x10001bc8      0x180 CMakeFiles/pocat_moon_sw.elf.dir/Drivers/STM32MP1xx_HAL_Driver/Src/stm32mp1xx_hal_rcc.c.obj
                0x10001bc8                HAL_RCC_ClockConfig
 .text.HAL_RCC_WAKEUP_Callback
                0x10001d48        0x2 CMakeFiles/pocat_moon_sw.elf.dir/Drivers/STM32MP1xx_HAL_Driver/Src/stm32mp1xx_hal_rcc.c.obj
                0x10001d48                HAL_RCC_WAKEUP_Callback
 .text.HAL_RCC_WAKEUP_IRQHandler
                0x10001d4a       0x24 CMakeFiles/pocat_moon_sw.elf.dir/Drivers/STM32MP1xx_HAL_Driver/Src/stm32mp1xx_hal_rcc.c.obj
                0x10001d4a                HAL_RCC_WAKEUP_IRQHandler
 *fill*         0x10001d6e        0x2 
 .text.RCCEx_PLL2_Config
                0x10001d70      0x24c CMakeFiles/pocat_moon_sw.elf.dir/Drivers/STM32MP1xx_HAL_Driver/Src/stm32mp1xx_hal_rcc_ex.c.obj
                0x10001d70                RCCEx_PLL2_Config
 .text.RCCEx_PLL3_Config
                0x10001fbc      0x214 CMakeFiles/pocat_moon_sw.elf.dir/Drivers/STM32MP1xx_HAL_Driver/Src/stm32mp1xx_hal_rcc_ex.c.obj
                0x10001fbc                RCCEx_PLL3_Config
 .text.RCCEx_PLL4_Config
                0x100021d0      0x1f8 CMakeFiles/pocat_moon_sw.elf.dir/Drivers/STM32MP1xx_HAL_Driver/Src/stm32mp1xx_hal_rcc_ex.c.obj
                0x100021d0                RCCEx_PLL4_Config
 .text.HAL_RCCEx_PeriphCLKConfig
                0x100023c8      0xeb4 CMakeFiles/pocat_moon_sw.elf.dir/Drivers/STM32MP1xx_HAL_Driver/Src/stm32mp1xx_hal_rcc_ex.c.obj
                0x100023c8                HAL_RCCEx_PeriphCLKConfig
 .text.SPI_GetPacketSize
                0x1000327c       0x10 CMakeFiles/pocat_moon_sw.elf.dir/Drivers/STM32MP1xx_HAL_Driver/Src/stm32mp1xx_hal_spi.c.obj
 .text.HAL_SPI_MspInit
                0x1000328c        0x2 CMakeFiles/pocat_moon_sw.elf.dir/Drivers/STM32MP1xx_HAL_Driver/Src/stm32mp1xx_hal_spi.c.obj
                0x1000328c                HAL_SPI_MspInit
 *fill*         0x1000328e        0x2 
 .text.HAL_SPI_Init
                0x10003290      0x194 CMakeFiles/pocat_moon_sw.elf.dir/Drivers/STM32MP1xx_HAL_Driver/Src/stm32mp1xx_hal_spi.c.obj
                0x10003290                HAL_SPI_Init
 .text.UART_SetConfig
                0x10003424      0xa08 CMakeFiles/pocat_moon_sw.elf.dir/Drivers/STM32MP1xx_HAL_Driver/Src/stm32mp1xx_hal_uart.c.obj
                0x10003424                UART_SetConfig
 .text.UART_AdvFeatureConfig
                0x10003e2c       0xca CMakeFiles/pocat_moon_sw.elf.dir/Drivers/STM32MP1xx_HAL_Driver/Src/stm32mp1xx_hal_uart.c.obj
                0x10003e2c                UART_AdvFeatureConfig
 .text.UART_WaitOnFlagUntilTimeout
                0x10003ef6       0xac CMakeFiles/pocat_moon_sw.elf.dir/Drivers/STM32MP1xx_HAL_Driver/Src/stm32mp1xx_hal_uart.c.obj
                0x10003ef6                UART_WaitOnFlagUntilTimeout
 .text.HAL_UART_Transmit
                0x10003fa2       0xde CMakeFiles/pocat_moon_sw.elf.dir/Drivers/STM32MP1xx_HAL_Driver/Src/stm32mp1xx_hal_uart.c.obj
                0x10003fa2                HAL_UART_Transmit
 .text.UART_CheckIdleState
                0x10004080       0x72 CMakeFiles/pocat_moon_sw.elf.dir/Drivers/STM32MP1xx_HAL_Driver/Src/stm32mp1xx_hal_uart.c.obj
                0x10004080                UART_CheckIdleState
 .text.HAL_UART_Init
                0x100040f2       0x66 CMakeFiles/pocat_moon_sw.elf.dir/Drivers/STM32MP1xx_HAL_Driver/Src/stm32mp1xx_hal_uart.c.obj
                0x100040f2                HAL_UART_Init
 .text.UARTEx_SetNbDataToProcess
                0x10004158       0x70 CMakeFiles/pocat_moon_sw.elf.dir/Drivers/STM32MP1xx_HAL_Driver/Src/stm32mp1xx_hal_uart_ex.c.obj
 .text.HAL_UARTEx_DisableFifoMode
                0x100041c8       0x3e CMakeFiles/pocat_moon_sw.elf.dir/Drivers/STM32MP1xx_HAL_Driver/Src/stm32mp1xx_hal_uart_ex.c.obj
                0x100041c8                HAL_UARTEx_DisableFifoMode
 .text.HAL_UARTEx_SetTxFifoThreshold
                0x10004206       0x4a CMakeFiles/pocat_moon_sw.elf.dir/Drivers/STM32MP1xx_HAL_Driver/Src/stm32mp1xx_hal_uart_ex.c.obj
                0x10004206                HAL_UARTEx_SetTxFifoThreshold
 .text.HAL_UARTEx_SetRxFifoThreshold
                0x10004250       0x4a CMakeFiles/pocat_moon_sw.elf.dir/Drivers/STM32MP1xx_HAL_Driver/Src/stm32mp1xx_hal_uart_ex.c.obj
                0x10004250                HAL_UARTEx_SetRxFifoThreshold
 .text.vListInitialise
                0x1000429a       0x16 CMakeFiles/pocat_moon_sw.elf.dir/Middlewares/Third_Party/FreeRTOS/list.c.obj
                0x1000429a                vListInitialise
 .text.vListInitialiseItem
                0x100042b0        0x6 CMakeFiles/pocat_moon_sw.elf.dir/Middlewares/Third_Party/FreeRTOS/list.c.obj
                0x100042b0                vListInitialiseItem
 .text.vListInsertEnd
                0x100042b6       0x16 CMakeFiles/pocat_moon_sw.elf.dir/Middlewares/Third_Party/FreeRTOS/list.c.obj
                0x100042b6                vListInsertEnd
 .text.vListInsert
                0x100042cc       0x32 CMakeFiles/pocat_moon_sw.elf.dir/Middlewares/Third_Party/FreeRTOS/list.c.obj
                0x100042cc                vListInsert
 .text.uxListRemove
                0x100042fe       0x26 CMakeFiles/pocat_moon_sw.elf.dir/Middlewares/Third_Party/FreeRTOS/list.c.obj
                0x100042fe                uxListRemove
 .text.prvResetNextTaskUnblockTime
                0x10004324       0x2c CMakeFiles/pocat_moon_sw.elf.dir/Middlewares/Third_Party/FreeRTOS/tasks.c.obj
 .text.prvInitialiseNewTask
                0x10004350      0x104 CMakeFiles/pocat_moon_sw.elf.dir/Middlewares/Third_Party/FreeRTOS/tasks.c.obj
 .text.prvInitialiseTaskLists
                0x10004454       0x68 CMakeFiles/pocat_moon_sw.elf.dir/Middlewares/Third_Party/FreeRTOS/tasks.c.obj
 .text.prvAddNewTaskToReadyList
                0x100044bc       0xac CMakeFiles/pocat_moon_sw.elf.dir/Middlewares/Third_Party/FreeRTOS/tasks.c.obj
 .text.prvDeleteTCB
                0x10004568       0x40 CMakeFiles/pocat_moon_sw.elf.dir/Middlewares/Third_Party/FreeRTOS/tasks.c.obj
 .text.prvCheckTasksWaitingTermination
                0x100045a8       0x4c CMakeFiles/pocat_moon_sw.elf.dir/Middlewares/Third_Party/FreeRTOS/tasks.c.obj
 .text.prvIdleTask
                0x100045f4       0x28 CMakeFiles/pocat_moon_sw.elf.dir/Middlewares/Third_Party/FreeRTOS/tasks.c.obj
 .text.prvAddCurrentTaskToDelayedList
                0x1000461c       0x98 CMakeFiles/pocat_moon_sw.elf.dir/Middlewares/Third_Party/FreeRTOS/tasks.c.obj
 .text.xTaskCreateStatic
                0x100046b4       0x7a CMakeFiles/pocat_moon_sw.elf.dir/Middlewares/Third_Party/FreeRTOS/tasks.c.obj
                0x100046b4                xTaskCreateStatic
 .text.xTaskCreate
                0x1000472e       0x66 CMakeFiles/pocat_moon_sw.elf.dir/Middlewares/Third_Party/FreeRTOS/tasks.c.obj
                0x1000472e                xTaskCreate
 .text.vTaskStartScheduler
                0x10004794       0x88 CMakeFiles/pocat_moon_sw.elf.dir/Middlewares/Third_Party/FreeRTOS/tasks.c.obj
                0x10004794                vTaskStartScheduler
 .text.xTaskIncrementTick
                0x1000481c      0x118 CMakeFiles/pocat_moon_sw.elf.dir/Middlewares/Third_Party/FreeRTOS/tasks.c.obj
                0x1000481c                xTaskIncrementTick
 .text.vTaskSwitchContext
                0x10004934       0xcc CMakeFiles/pocat_moon_sw.elf.dir/Middlewares/Third_Party/FreeRTOS/tasks.c.obj
                0x10004934                vTaskSwitchContext
 .text.xTaskNotifyWait
                0x10004a00       0xa4 CMakeFiles/pocat_moon_sw.elf.dir/Middlewares/Third_Party/FreeRTOS/tasks.c.obj
                0x10004a00                xTaskNotifyWait
 .text.prvTaskExitError
                0x10004aa4       0x40 CMakeFiles/pocat_moon_sw.elf.dir/Middlewares/Third_Party/FreeRTOS/portable/GCC/ARM_CM4F/port.c.obj
 .text.prvPortStartFirstTask
                0x10004ae4       0x28 CMakeFiles/pocat_moon_sw.elf.dir/Middlewares/Third_Party/FreeRTOS/portable/GCC/ARM_CM4F/port.c.obj
 .text.vPortEnableVFP
                0x10004b0c       0x14 CMakeFiles/pocat_moon_sw.elf.dir/Middlewares/Third_Party/FreeRTOS/portable/GCC/ARM_CM4F/port.c.obj
 .text.pxPortInitialiseStack
                0x10004b20       0x2c CMakeFiles/pocat_moon_sw.elf.dir/Middlewares/Third_Party/FreeRTOS/portable/GCC/ARM_CM4F/port.c.obj
                0x10004b20                pxPortInitialiseStack
 *fill*         0x10004b4c        0x4 
 .text.SVC_Handler
                0x10004b50       0x24 CMakeFiles/pocat_moon_sw.elf.dir/Middlewares/Third_Party/FreeRTOS/portable/GCC/ARM_CM4F/port.c.obj
                0x10004b50                SVC_Handler
 .text.vPortEnterCritical
                0x10004b74       0x44 CMakeFiles/pocat_moon_sw.elf.dir/Middlewares/Third_Party/FreeRTOS/portable/GCC/ARM_CM4F/port.c.obj
                0x10004b74                vPortEnterCritical
 .text.vPortExitCritical
                0x10004bb8       0x2c CMakeFiles/pocat_moon_sw.elf.dir/Middlewares/Third_Party/FreeRTOS/portable/GCC/ARM_CM4F/port.c.obj
                0x10004bb8                vPortExitCritical
 *fill*         0x10004be4        0xc 
 .text.PendSV_Handler
                0x10004bf0       0x64 CMakeFiles/pocat_moon_sw.elf.dir/Middlewares/Third_Party/FreeRTOS/portable/GCC/ARM_CM4F/port.c.obj
                0x10004bf0                PendSV_Handler
 .text.SysTick_Handler
                0x10004c54       0x2c CMakeFiles/pocat_moon_sw.elf.dir/Middlewares/Third_Party/FreeRTOS/portable/GCC/ARM_CM4F/port.c.obj
                0x10004c54                SysTick_Handler
 .text.vPortSetupTimerInterrupt
                0x10004c80       0x28 CMakeFiles/pocat_moon_sw.elf.dir/Middlewares/Third_Party/FreeRTOS/portable/GCC/ARM_CM4F/port.c.obj
                0x10004c80                vPortSetupTimerInterrupt
 .text.xPortStartScheduler
                0x10004ca8      0x118 CMakeFiles/pocat_moon_sw.elf.dir/Middlewares/Third_Party/FreeRTOS/portable/GCC/ARM_CM4F/port.c.obj
                0x10004ca8                xPortStartScheduler
 .text.setup_eps
                0x10004dc0       0x10 CMakeFiles/pocat_moon_sw.elf.dir/Core/Src/Subsystems/eps.c.obj
 .text.process_eps
                0x10004dd0       0x10 CMakeFiles/pocat_moon_sw.elf.dir/Core/Src/Subsystems/eps.c.obj
 .text.eps_task
                0x10004de0        0xc CMakeFiles/pocat_moon_sw.elf.dir/Core/Src/Subsystems/eps.c.obj
                0x10004de0                eps_task
 .text.suspend_and_resume_tasks_depending_on_state
                0x10004dec       0x14 CMakeFiles/pocat_moon_sw.elf.dir/Core/Src/Subsystems/obc.c.obj
 .text.process_obc
                0x10004e00       0x18 CMakeFiles/pocat_moon_sw.elf.dir/Core/Src/Subsystems/obc.c.obj
 .text.create_tasks
                0x10004e18       0x8c CMakeFiles/pocat_moon_sw.elf.dir/Core/Src/Subsystems/obc.c.obj
 .text.setup_obc
                0x10004ea4       0x14 CMakeFiles/pocat_moon_sw.elf.dir/Core/Src/Subsystems/obc.c.obj
 .text.obc_task
                0x10004eb8       0x14 CMakeFiles/pocat_moon_sw.elf.dir/Core/Src/Subsystems/obc.c.obj
                0x10004eb8                obc_task
 .text.setup_obdh
                0x10004ecc       0x10 CMakeFiles/pocat_moon_sw.elf.dir/Core/Src/Subsystems/obdh.c.obj
                0x10004ecc                setup_obdh
 .text.process_obdh
                0x10004edc       0x10 CMakeFiles/pocat_moon_sw.elf.dir/Core/Src/Subsystems/obdh.c.obj
                0x10004edc                process_obdh
 .text.obdh_task
                0x10004eec        0xc CMakeFiles/pocat_moon_sw.elf.dir/Core/Src/Subsystems/obdh.c.obj
                0x10004eec                obdh_task
 .text.wait_for_notification
                0x10004ef8       0x1a CMakeFiles/pocat_moon_sw.elf.dir/Core/Src/Subsystems/payload.c.obj
 *fill*         0x10004f12        0x2 
 .text.capture_temperature
                0x10004f14       0x10 CMakeFiles/pocat_moon_sw.elf.dir/Core/Src/Subsystems/payload.c.obj
 .text.process_payload
                0x10004f24       0x14 CMakeFiles/pocat_moon_sw.elf.dir/Core/Src/Subsystems/payload.c.obj
 .text.payload_task
                0x10004f38        0x8 CMakeFiles/pocat_moon_sw.elf.dir/Core/Src/Subsystems/payload.c.obj
                0x10004f38                payload_task
 .text.configureTimerForRunTimeStats
                0x10004f40        0x2 CMakeFiles/pocat_moon_sw.elf.dir/Core/Src/Utils/freertos.c.obj
                0x10004f40                configureTimerForRunTimeStats
 .text.getRunTimeCounterValue
                0x10004f42        0x4 CMakeFiles/pocat_moon_sw.elf.dir/Core/Src/Utils/freertos.c.obj
                0x10004f42                getRunTimeCounterValue
 *fill*         0x10004f46        0x2 
 .text.vApplicationGetIdleTaskMemory
                0x10004f48       0x18 CMakeFiles/pocat_moon_sw.elf.dir/Core/Src/Utils/freertos.c.obj
                0x10004f48                vApplicationGetIdleTaskMemory
 .text._write   0x10004f60       0x18 CMakeFiles/pocat_moon_sw.elf.dir/Core/Src/Utils/log.c.obj
                0x10004f60                _write
 .text.MX_USART3_UART_Init
                0x10004f78       0x68 CMakeFiles/pocat_moon_sw.elf.dir/Core/Src/main.c.obj
 .text.MX_SPI1_Init
                0x10004fe0       0x5c CMakeFiles/pocat_moon_sw.elf.dir/Core/Src/main.c.obj
 .text.SystemClock_Config
                0x1000503c       0xf6 CMakeFiles/pocat_moon_sw.elf.dir/Core/Src/main.c.obj
                0x1000503c                SystemClock_Config
 *fill*         0x10005132        0x2 
 .text.main     0x10005134       0x70 CMakeFiles/pocat_moon_sw.elf.dir/Core/Src/main.c.obj
                0x10005134                main
 .text.HAL_MspInit
                0x100051a4       0x68 CMakeFiles/pocat_moon_sw.elf.dir/Core/Src/stm32mp1xx_hal_msp.c.obj
                0x100051a4                HAL_MspInit
 .text.HAL_UART_MspInit
                0x1000520c       0x9c CMakeFiles/pocat_moon_sw.elf.dir/Core/Src/stm32mp1xx_hal_msp.c.obj
                0x1000520c                HAL_UART_MspInit
 .text.NMI_Handler
                0x100052a8        0x2 CMakeFiles/pocat_moon_sw.elf.dir/Core/Src/stm32mp1xx_it.c.obj
                0x100052a8                NMI_Handler
 .text.HardFault_Handler
                0x100052aa        0x2 CMakeFiles/pocat_moon_sw.elf.dir/Core/Src/stm32mp1xx_it.c.obj
                0x100052aa                HardFault_Handler
 .text.MemManage_Handler
                0x100052ac        0x2 CMakeFiles/pocat_moon_sw.elf.dir/Core/Src/stm32mp1xx_it.c.obj
                0x100052ac                MemManage_Handler
 .text.BusFault_Handler
                0x100052ae        0x2 CMakeFiles/pocat_moon_sw.elf.dir/Core/Src/stm32mp1xx_it.c.obj
                0x100052ae                BusFault_Handler
 .text.UsageFault_Handler
                0x100052b0        0x2 CMakeFiles/pocat_moon_sw.elf.dir/Core/Src/stm32mp1xx_it.c.obj
                0x100052b0                UsageFault_Handler
 .text.DebugMon_Handler
                0x100052b2        0x2 CMakeFiles/pocat_moon_sw.elf.dir/Core/Src/stm32mp1xx_it.c.obj
                0x100052b2                DebugMon_Handler
 .text.IPCC_RX1_IRQHandler
                0x100052b4       0x10 CMakeFiles/pocat_moon_sw.elf.dir/Core/Src/stm32mp1xx_it.c.obj
                0x100052b4                IPCC_RX1_IRQHandler
 .text.IPCC_TX1_IRQHandler
                0x100052c4       0x10 CMakeFiles/pocat_moon_sw.elf.dir/Core/Src/stm32mp1xx_it.c.obj
                0x100052c4                IPCC_TX1_IRQHandler
 .text.RCC_WAKEUP_IRQHandler
                0x100052d4        0x8 CMakeFiles/pocat_moon_sw.elf.dir/Core/Src/stm32mp1xx_it.c.obj
                0x100052d4                RCC_WAKEUP_IRQHandler
 .text.Default_Handler
                0x100052dc        0x2 CMakeFiles/pocat_moon_sw.elf.dir/Core/Startup/startup_stm32mp157facx.s.obj
                0x100052dc                EXTI2_IRQHandler
                0x100052dc                TIM8_TRG_COM_IRQHandler
                0x100052dc                TIM8_CC_IRQHandler
                0x100052dc                EXTI5_IRQHandler
                0x100052dc                UART8_IRQHandler
                0x100052dc                SPI4_IRQHandler
                0x100052dc                EXTI13_IRQHandler
                0x100052dc                TIM1_CC_IRQHandler
                0x100052dc                DMA2_Stream5_IRQHandler
                0x100052dc                ETH1_WKUP_IRQHandler
                0x100052dc                TAMP_IRQHandler
                0x100052dc                DMA1_Stream5_IRQHandler
                0x100052dc                TIM6_IRQHandler
                0x100052dc                EXTI12_IRQHandler
                0x100052dc                EXTI3_IRQHandler
                0x100052dc                LPTIM4_IRQHandler
                0x100052dc                EXTI8_IRQHandler
                0x100052dc                LPTIM2_IRQHandler
                0x100052dc                DFSDM1_FLT1_IRQHandler
                0x100052dc                I2C3_ER_IRQHandler
                0x100052dc                DFSDM1_FLT2_IRQHandler
                0x100052dc                I2C5_EV_IRQHandler
                0x100052dc                MDMA_IRQHandler
                0x100052dc                LPTIM3_IRQHandler
                0x100052dc                EXTI0_IRQHandler
                0x100052dc                I2C2_EV_IRQHandler
                0x100052dc                DMA1_Stream2_IRQHandler
                0x100052dc                FPU_IRQHandler
                0x100052dc                USBH_OHCI_IRQHandler
                0x100052dc                FDCAN1_IT1_IRQHandler
                0x100052dc                LTDC_ER_IRQHandler
                0x100052dc                DMA2_Stream2_IRQHandler
                0x100052dc                IPCC_RX0_IRQHandler
                0x100052dc                OTG_IRQHandler
                0x100052dc                SPI1_IRQHandler
                0x100052dc                DCMI_IRQHandler
                0x100052dc                TIM8_UP_IRQHandler
                0x100052dc                DMA2_Stream3_IRQHandler
                0x100052dc                USBH_EHCI_IRQHandler
                0x100052dc                nCTIIRQ2_IRQHandler
                0x100052dc                HASH1_IRQHandler
                0x100052dc                GPU_IRQHandler
                0x100052dc                SAI2_IRQHandler
                0x100052dc                ADC1_IRQHandler
                0x100052dc                RESERVED148_IRQHandler
                0x100052dc                RTC_TIMESTAMP_IRQHandler
                0x100052dc                DFSDM1_FLT3_IRQHandler
                0x100052dc                USART6_IRQHandler
                0x100052dc                EXTI15_IRQHandler
                0x100052dc                TIM17_IRQHandler
                0x100052dc                USART3_IRQHandler
                0x100052dc                EXTI9_IRQHandler
                0x100052dc                LPTIM5_IRQHandler
                0x100052dc                UART5_IRQHandler
                0x100052dc                DMA2_Stream0_IRQHandler
                0x100052dc                TIM4_IRQHandler
                0x100052dc                CRYP2_IRQHandler
                0x100052dc                QUADSPI_IRQHandler
                0x100052dc                I2C1_EV_IRQHandler
                0x100052dc                DMA1_Stream6_IRQHandler
                0x100052dc                RESERVED99_IRQHandler
                0x100052dc                DMAMUX1_OVR_IRQHandler
                0x100052dc                DMA1_Stream1_IRQHandler
                0x100052dc                TIM16_IRQHandler
                0x100052dc                UART4_IRQHandler
                0x100052dc                TIM3_IRQHandler
                0x100052dc                RCC_IRQHandler
                0x100052dc                TIM1_TRG_COM_IRQHandler
                0x100052dc                nCTIIRQ1_IRQHandler
                0x100052dc                Default_Handler
                0x100052dc                CEC_IRQHandler
                0x100052dc                DFSDM1_FLT4_IRQHandler
                0x100052dc                TIM14_IRQHandler
                0x100052dc                I2C5_ER_IRQHandler
                0x100052dc                TIM13_IRQHandler
                0x100052dc                DMA1_Stream7_IRQHandler
                0x100052dc                IPCC_TX0_IRQHandler
                0x100052dc                SPI5_IRQHandler
                0x100052dc                TIM12_IRQHandler
                0x100052dc                TIM7_IRQHandler
                0x100052dc                SDMMC1_IRQHandler
                0x100052dc                TIM5_IRQHandler
                0x100052dc                DMA2_Stream7_IRQHandler
                0x100052dc                TIM15_IRQHandler
                0x100052dc                PVD_AVD_IRQHandler
                0x100052dc                I2C3_EV_IRQHandler
                0x100052dc                SDMMC3_IRQHandler
                0x100052dc                ETH1_IRQHandler
                0x100052dc                LTDC_IRQHandler
                0x100052dc                SAI3_IRQHandler
                0x100052dc                SPDIF_RX_IRQHandler
                0x100052dc                ADC2_IRQHandler
                0x100052dc                SPI2_IRQHandler
                0x100052dc                DFSDM1_FLT5_IRQHandler
                0x100052dc                DMA1_Stream0_IRQHandler
                0x100052dc                EXTI14_IRQHandler
                0x100052dc                EXTI11_IRQHandler
                0x100052dc                CRYP1_IRQHandler
                0x100052dc                RNG2_IRQHandler
                0x100052dc                RNG1_IRQHandler
                0x100052dc                HASH2_IRQHandler
                0x100052dc                EXTI4_IRQHandler
                0x100052dc                ETH1_LPI_IRQHandler
                0x100052dc                FDCAN2_IT1_IRQHandler
                0x100052dc                DSI_IRQHandler
                0x100052dc                TIM1_UP_IRQHandler
                0x100052dc                HSEM_IT2_IRQHandler
                0x100052dc                SPI6_IRQHandler
                0x100052dc                MDIOS_IRQHandler
                0x100052dc                I2C4_EV_IRQHandler
                0x100052dc                FDCAN2_IT0_IRQHandler
                0x100052dc                I2C6_ER_IRQHandler
                0x100052dc                FDCAN1_IT0_IRQHandler
                0x100052dc                TIM2_IRQHandler
                0x100052dc                EXTI7_IRQHandler
                0x100052dc                TIM1_BRK_IRQHandler
                0x100052dc                DAC_IRQHandler
                0x100052dc                EXTI1_IRQHandler
                0x100052dc                SDMMC2_IRQHandler
                0x100052dc                DTS_IRQHandler
                0x100052dc                UART7_IRQHandler
                0x100052dc                USART2_IRQHandler
                0x100052dc                I2C6_EV_IRQHandler
                0x100052dc                DFSDM1_FLT0_IRQHandler
                0x100052dc                SAI4_IRQHandler
                0x100052dc                I2C2_ER_IRQHandler
                0x100052dc                DMA2_Stream1_IRQHandler
                0x100052dc                TIM8_BRK_IRQHandler
                0x100052dc                WWDG1_IRQHandler
                0x100052dc                DMA2_Stream4_IRQHandler
                0x100052dc                USART1_IRQHandler
                0x100052dc                RESERVED143_IRQHandler
                0x100052dc                EXTI10_IRQHandler
                0x100052dc                SPI3_IRQHandler
                0x100052dc                WAKEUP_PIN_IRQHandler
                0x100052dc                DMA1_Stream4_IRQHandler
                0x100052dc                I2C1_ER_IRQHandler
                0x100052dc                FMC_IRQHandler
                0x100052dc                FDCAN_CAL_IRQHandler
                0x100052dc                EXTI6_IRQHandler
                0x100052dc                MPU_SEV_IRQHandler
                0x100052dc                LPTIM1_IRQHandler
                0x100052dc                RTC_WKUP_ALARM_IRQHandler
                0x100052dc                I2C4_ER_IRQHandler
                0x100052dc                DMA2_Stream6_IRQHandler
                0x100052dc                SAI1_IRQHandler
                0x100052dc                DMA1_Stream3_IRQHandler
                0x100052dc                RESERVED4_IRQHandler
 .text._puts_r  0x100052de       0xaa C:/Program Files (x86)/Arm GNU Toolchain arm-none-eabi/13.2 Rel1/bin/../lib/gcc/arm-none-eabi/13.2.1/thumb/v7e-m+fp/hard\libg_nano.a(libc_a-puts.o)
                0x100052de                _puts_r
 .text.puts     0x10005388       0x10 C:/Program Files (x86)/Arm GNU Toolchain arm-none-eabi/13.2 Rel1/bin/../lib/gcc/arm-none-eabi/13.2.1/thumb/v7e-m+fp/hard\libg_nano.a(libc_a-puts.o)
                0x10005388                puts
 .text.__swbuf_r
                0x10005398       0x7c C:/Program Files (x86)/Arm GNU Toolchain arm-none-eabi/13.2 Rel1/bin/../lib/gcc/arm-none-eabi/13.2.1/thumb/v7e-m+fp/hard\libg_nano.a(libc_a-wbuf.o)
                0x10005398                __swbuf_r
 .text.__swsetup_r
                0x10005414       0xac C:/Program Files (x86)/Arm GNU Toolchain arm-none-eabi/13.2 Rel1/bin/../lib/gcc/arm-none-eabi/13.2.1/thumb/v7e-m+fp/hard\libg_nano.a(libc_a-wsetup.o)
                0x10005414                __swsetup_r
 .text.__swhatbuf_r
                0x100054c0       0x4c C:/Program Files (x86)/Arm GNU Toolchain arm-none-eabi/13.2 Rel1/bin/../lib/gcc/arm-none-eabi/13.2.1/thumb/v7e-m+fp/hard\libg_nano.a(libc_a-makebuf.o)
                0x100054c0                __swhatbuf_r
 .text.__smakebuf_r
                0x1000550c       0x78 C:/Program Files (x86)/Arm GNU Toolchain arm-none-eabi/13.2 Rel1/bin/../lib/gcc/arm-none-eabi/13.2.1/thumb/v7e-m+fp/hard\libg_nano.a(libc_a-makebuf.o)
                0x1000550c                __smakebuf_r
 .text._fstat_r
                0x10005584       0x24 C:/Program Files (x86)/Arm GNU Toolchain arm-none-eabi/13.2 Rel1/bin/../lib/gcc/arm-none-eabi/13.2.1/thumb/v7e-m+fp/hard\libg_nano.a(libc_a-fstatr.o)
                0x10005584                _fstat_r
 .text._isatty_r
                0x100055a8       0x20 C:/Program Files (x86)/Arm GNU Toolchain arm-none-eabi/13.2 Rel1/bin/../lib/gcc/arm-none-eabi/13.2.1/thumb/v7e-m+fp/hard\libg_nano.a(libc_a-isattyr.o)
                0x100055a8                _isatty_r
 .text._close   0x100055c8       0x10 C:/Program Files (x86)/Arm GNU Toolchain arm-none-eabi/13.2 Rel1/bin/../lib/gcc/arm-none-eabi/13.2.1/thumb/v7e-m+fp/hard\libnosys.a(close.o)
                0x100055c8                _close
 .text._fstat   0x100055d8       0x10 C:/Program Files (x86)/Arm GNU Toolchain arm-none-eabi/13.2 Rel1/bin/../lib/gcc/arm-none-eabi/13.2.1/thumb/v7e-m+fp/hard\libnosys.a(fstat.o)
                0x100055d8                _fstat
 .text._isatty  0x100055e8       0x10 C:/Program Files (x86)/Arm GNU Toolchain arm-none-eabi/13.2 Rel1/bin/../lib/gcc/arm-none-eabi/13.2.1/thumb/v7e-m+fp/hard\libnosys.a(isatty.o)
                0x100055e8                _isatty
 .text._lseek   0x100055f8       0x10 C:/Program Files (x86)/Arm GNU Toolchain arm-none-eabi/13.2 Rel1/bin/../lib/gcc/arm-none-eabi/13.2.1/thumb/v7e-m+fp/hard\libnosys.a(lseek.o)
                0x100055f8                _lseek
 .text._read    0x10005608       0x10 C:/Program Files (x86)/Arm GNU Toolchain arm-none-eabi/13.2 Rel1/bin/../lib/gcc/arm-none-eabi/13.2.1/thumb/v7e-m+fp/hard\libnosys.a(read.o)
                0x10005608                _read
 .text._sbrk    0x10005618       0x1c C:/Program Files (x86)/Arm GNU Toolchain arm-none-eabi/13.2 Rel1/bin/../lib/gcc/arm-none-eabi/13.2.1/thumb/v7e-m+fp/hard\libnosys.a(sbrk.o)
                0x10005618                _sbrk
 *(.glue_7)
 .glue_7        0x10005634        0x0 linker stubs
 *(.glue_7t)
 .glue_7t       0x10005634        0x0 linker stubs
 *(.eh_frame)
 .eh_frame      0x10005634        0x0 C:/Program Files (x86)/Arm GNU Toolchain arm-none-eabi/13.2 Rel1/bin/../lib/gcc/arm-none-eabi/13.2.1/thumb/v7e-m+fp/hard/crtbegin.o
 *(.init)
 .init          0x10005634        0x4 C:/Program Files (x86)/Arm GNU Toolchain arm-none-eabi/13.2 Rel1/bin/../lib/gcc/arm-none-eabi/13.2.1/thumb/v7e-m+fp/hard/crti.o
                0x10005634                _init
 .init          0x10005638        0x8 C:/Program Files (x86)/Arm GNU Toolchain arm-none-eabi/13.2 Rel1/bin/../lib/gcc/arm-none-eabi/13.2.1/thumb/v7e-m+fp/hard/crtn.o
 *(.fini)
 .fini          0x10005640        0x4 C:/Program Files (x86)/Arm GNU Toolchain arm-none-eabi/13.2 Rel1/bin/../lib/gcc/arm-none-eabi/13.2.1/thumb/v7e-m+fp/hard/crti.o
                0x10005640                _fini
 .fini          0x10005644        0x8 C:/Program Files (x86)/Arm GNU Toolchain arm-none-eabi/13.2 Rel1/bin/../lib/gcc/arm-none-eabi/13.2.1/thumb/v7e-m+fp/hard/crtn.o
                0x1000564c                        . = ALIGN (0x4)
                0x1000564c                        _etext = .

.vfp11_veneer   0x1000564c        0x0
 .vfp11_veneer  0x1000564c        0x0 linker stubs

.v4_bx          0x1000564c        0x0
 .v4_bx         0x1000564c        0x0 linker stubs

.iplt           0x1000564c        0x0
 .iplt          0x1000564c        0x0 C:/Program Files (x86)/Arm GNU Toolchain arm-none-eabi/13.2 Rel1/bin/../lib/gcc/arm-none-eabi/13.2.1/thumb/v7e-m+fp/hard/crtbegin.o

.startup_copro_fw.Reset_Handler
                0x1000564c       0x50
 .startup_copro_fw.Reset_Handler
                0x1000564c       0x50 CMakeFiles/pocat_moon_sw.elf.dir/Core/Startup/startup_stm32mp157facx.s.obj
                0x1000564c                Reset_Handler

.rodata         0x1000569c      0x12c
                0x1000569c                        . = ALIGN (0x4)
 *(.rodata)
 .rodata        0x1000569c        0x8 CMakeFiles/pocat_moon_sw.elf.dir/Drivers/STM32MP1xx_HAL_Driver/Src/stm32mp1xx_hal_uart_ex.c.obj
 *(.rodata*)
 .rodata.UARTEx_SetNbDataToProcess.str1.4
                0x100056a4      0x124 CMakeFiles/pocat_moon_sw.elf.dir/Drivers/STM32MP1xx_HAL_Driver/Src/stm32mp1xx_hal_uart_ex.c.obj
                                  0x9 (size before relaxing)
 .rodata.vTaskStartScheduler.str1.4
                0x100057c8        0x5 CMakeFiles/pocat_moon_sw.elf.dir/Middlewares/Third_Party/FreeRTOS/tasks.c.obj
 .rodata.setup_eps.str1.4
                0x100057c8       0x12 CMakeFiles/pocat_moon_sw.elf.dir/Core/Src/Subsystems/eps.c.obj
 .rodata.process_eps.str1.4
                0x100057c8       0x12 CMakeFiles/pocat_moon_sw.elf.dir/Core/Src/Subsystems/eps.c.obj
 .rodata.suspend_and_resume_tasks_depending_on_state.str1.4
                0x100057c8        0xe CMakeFiles/pocat_moon_sw.elf.dir/Core/Src/Subsystems/obc.c.obj
 .rodata.process_obc.str1.4
                0x100057c8       0x12 CMakeFiles/pocat_moon_sw.elf.dir/Core/Src/Subsystems/obc.c.obj
 .rodata.create_tasks.str1.4
                0x100057c8       0x19 CMakeFiles/pocat_moon_sw.elf.dir/Core/Src/Subsystems/obc.c.obj
 .rodata.setup_obc.str1.4
                0x100057c8       0x12 CMakeFiles/pocat_moon_sw.elf.dir/Core/Src/Subsystems/obc.c.obj
 .rodata.setup_obdh.str1.4
                0x100057c8       0x13 CMakeFiles/pocat_moon_sw.elf.dir/Core/Src/Subsystems/obdh.c.obj
 .rodata.process_obdh.str1.4
                0x100057c8       0x13 CMakeFiles/pocat_moon_sw.elf.dir/Core/Src/Subsystems/obdh.c.obj
 .rodata.capture_temperature.str1.4
                0x100057c8       0x19 CMakeFiles/pocat_moon_sw.elf.dir/Core/Src/Subsystems/payload.c.obj
 .rodata.main.str1.4
                0x100057c8       0x50 CMakeFiles/pocat_moon_sw.elf.dir/Core/Src/main.c.obj
                0x10005818                        . = ALIGN (0x4)

.ARM.extab      0x100057c8        0x0
                0x100057c8                        . = ALIGN (0x4)
 *(.ARM.extab* .gnu.linkonce.armextab.*)
                0x100057c8                        . = ALIGN (0x4)

.ARM            0x100057c8        0x0
                0x100057c8                        . = ALIGN (0x4)
                0x100057c8                        __exidx_start = .
 *(.ARM.exidx*)
                0x100057c8                        __exidx_end = .
                0x100057c8                        . = ALIGN (0x4)

.preinit_array  0x100057c8        0x0
                0x100057c8                        . = ALIGN (0x4)
                0x100057c8                        PROVIDE (__preinit_array_start = .)
 *(.preinit_array*)
                0x100057c8                        PROVIDE (__preinit_array_end = .)
                0x100057c8                        . = ALIGN (0x4)

.init_array     0x100057c8        0x4
                0x100057c8                        . = ALIGN (0x4)
                0x100057c8                        PROVIDE (__init_array_start = .)
 *(SORT_BY_NAME(.init_array.*))
 *(.init_array*)
 .init_array    0x100057c8        0x4 C:/Program Files (x86)/Arm GNU Toolchain arm-none-eabi/13.2 Rel1/bin/../lib/gcc/arm-none-eabi/13.2.1/thumb/v7e-m+fp/hard/crtbegin.o
                0x100057cc                        PROVIDE (__init_array_end = .)
                0x100057cc                        . = ALIGN (0x4)

.fini_array     0x100057cc        0x4
                0x100057cc                        . = ALIGN (0x4)
                [!provide]                        PROVIDE (__fini_array_start = .)
 *(SORT_BY_NAME(.fini_array.*))
 *(.fini_array*)
 .fini_array    0x100057cc        0x4 C:/Program Files (x86)/Arm GNU Toolchain arm-none-eabi/13.2 Rel1/bin/../lib/gcc/arm-none-eabi/13.2.1/thumb/v7e-m+fp/hard/crtbegin.o
                [!provide]                        PROVIDE (__fini_array_end = .)
                0x100057d0                        . = ALIGN (0x4)
                0x100057d0                        __DATA_ROM = .
                0x100057d0                        _sidata = LOADADDR (.data)

.rel.dyn        0x100057d0        0x0
 .rel.iplt      0x100057d0        0x0 C:/Program Files (x86)/Arm GNU Toolchain arm-none-eabi/13.2 Rel1/bin/../lib/gcc/arm-none-eabi/13.2.1/thumb/v7e-m+fp/hard/crtbegin.o

.data           0x10020000       0x68 load address 0x100057d0
                0x10020000                        . = ALIGN (0x4)
                0x10020000                        _sdata = .
 *(.data)
 *(.data*)
 .data.__sglue  0x10020000        0xc C:/Program Files (x86)/Arm GNU Toolchain arm-none-eabi/13.2 Rel1/bin/../lib/gcc/arm-none-eabi/13.2.1/thumb/v7e-m+fp/hard\libc_nano.a(libc_a-findfp.o)
                0x10020000                __sglue
 .data._impure_ptr
                0x1002000c        0x4 C:/Program Files (x86)/Arm GNU Toolchain arm-none-eabi/13.2 Rel1/bin/../lib/gcc/arm-none-eabi/13.2.1/thumb/v7e-m+fp/hard\libc_nano.a(libc_a-impure.o)
                0x1002000c                _impure_ptr
 .data._impure_data
                0x10020010       0x4c C:/Program Files (x86)/Arm GNU Toolchain arm-none-eabi/13.2 Rel1/bin/../lib/gcc/arm-none-eabi/13.2.1/thumb/v7e-m+fp/hard\libc_nano.a(libc_a-impure.o)
                0x10020010                _impure_data
 .data.uwTickFreq
                0x1002005c        0x1 CMakeFiles/pocat_moon_sw.elf.dir/Drivers/STM32MP1xx_HAL_Driver/Src/stm32mp1xx_hal.c.obj
                0x1002005c                uwTickFreq
 *fill*         0x1002005d        0x3 
 .data.uwTickPrio
                0x10020060        0x4 CMakeFiles/pocat_moon_sw.elf.dir/Drivers/STM32MP1xx_HAL_Driver/Src/stm32mp1xx_hal.c.obj
                0x10020060                uwTickPrio
 .data.uxCriticalNesting
                0x10020064        0x4 CMakeFiles/pocat_moon_sw.elf.dir/Middlewares/Third_Party/FreeRTOS/portable/GCC/ARM_CM4F/port.c.obj
                0x10020068                        . = ALIGN (0x4)
                0x10020068                        _edata = .
                0x10005838                        __DATA_END = (__DATA_ROM + (_edata - _sdata))
                0x10020000                        text_end = (ORIGIN (SRAM1_text) + LENGTH (SRAM1_text))
                0x00000001                        ASSERT ((__DATA_END <= text_end), region SRAM1_text overflowed with text and data)

.tm_clone_table
                0x10020068        0x0 load address 0x10005838
 .tm_clone_table
                0x10020068        0x0 C:/Program Files (x86)/Arm GNU Toolchain arm-none-eabi/13.2 Rel1/bin/../lib/gcc/arm-none-eabi/13.2.1/thumb/v7e-m+fp/hard/crtbegin.o
 .tm_clone_table
                0x10020068        0x0 C:/Program Files (x86)/Arm GNU Toolchain arm-none-eabi/13.2 Rel1/bin/../lib/gcc/arm-none-eabi/13.2.1/thumb/v7e-m+fp/hard/crtend.o

.igot.plt       0x10020068        0x0 load address 0x10005838
 .igot.plt      0x10020068        0x0 C:/Program Files (x86)/Arm GNU Toolchain arm-none-eabi/13.2 Rel1/bin/../lib/gcc/arm-none-eabi/13.2.1/thumb/v7e-m+fp/hard/crtbegin.o

.resource_table
                0x10020068        0x0
                0x10020068                        . = ALIGN (0x4)
 *(.resource_table*)
                0x10020068                        . = ALIGN (0x4)
                0x10020068                        . = ALIGN (0x4)

.bss            0x10020068      0x818 load address 0x10005838
                0x10020068                        _sbss = .
                0x10020068                        __bss_start__ = _sbss
 *(.bss)
 *(.bss*)
 .bss.completed.1
                0x10020068        0x1 C:/Program Files (x86)/Arm GNU Toolchain arm-none-eabi/13.2 Rel1/bin/../lib/gcc/arm-none-eabi/13.2.1/thumb/v7e-m+fp/hard/crtbegin.o
 *fill*         0x10020069        0x3 
 .bss.object.0  0x1002006c       0x18 C:/Program Files (x86)/Arm GNU Toolchain arm-none-eabi/13.2 Rel1/bin/../lib/gcc/arm-none-eabi/13.2.1/thumb/v7e-m+fp/hard/crtbegin.o
 .bss.__sf      0x10020084      0x138 C:/Program Files (x86)/Arm GNU Toolchain arm-none-eabi/13.2 Rel1/bin/../lib/gcc/arm-none-eabi/13.2.1/thumb/v7e-m+fp/hard\libc_nano.a(libc_a-findfp.o)
                0x10020084                __sf
 .bss.__stdio_exit_handler
                0x100201bc        0x4 C:/Program Files (x86)/Arm GNU Toolchain arm-none-eabi/13.2 Rel1/bin/../lib/gcc/arm-none-eabi/13.2.1/thumb/v7e-m+fp/hard\libc_nano.a(libc_a-findfp.o)
                0x100201bc                __stdio_exit_handler
 .bss.errno     0x100201c0        0x4 C:/Program Files (x86)/Arm GNU Toolchain arm-none-eabi/13.2 Rel1/bin/../lib/gcc/arm-none-eabi/13.2.1/thumb/v7e-m+fp/hard\libc_nano.a(libc_a-reent.o)
                0x100201c0                errno
 .bss.__lock___malloc_recursive_mutex
                0x100201c4        0x1 C:/Program Files (x86)/Arm GNU Toolchain arm-none-eabi/13.2 Rel1/bin/../lib/gcc/arm-none-eabi/13.2.1/thumb/v7e-m+fp/hard\libc_nano.a(libc_a-lock.o)
                0x100201c4                __lock___malloc_recursive_mutex
 .bss.__lock___sfp_recursive_mutex
                0x100201c5        0x1 C:/Program Files (x86)/Arm GNU Toolchain arm-none-eabi/13.2 Rel1/bin/../lib/gcc/arm-none-eabi/13.2.1/thumb/v7e-m+fp/hard\libc_nano.a(libc_a-lock.o)
                0x100201c5                __lock___sfp_recursive_mutex
 *fill*         0x100201c6        0x2 
 .bss.__malloc_sbrk_start
                0x100201c8        0x4 C:/Program Files (x86)/Arm GNU Toolchain arm-none-eabi/13.2 Rel1/bin/../lib/gcc/arm-none-eabi/13.2.1/thumb/v7e-m+fp/hard\libc_nano.a(libc_a-mallocr.o)
                0x100201c8                __malloc_sbrk_start
 .bss.__malloc_free_list
                0x100201cc        0x4 C:/Program Files (x86)/Arm GNU Toolchain arm-none-eabi/13.2 Rel1/bin/../lib/gcc/arm-none-eabi/13.2.1/thumb/v7e-m+fp/hard\libc_nano.a(libc_a-mallocr.o)
                0x100201cc                __malloc_free_list
 .bss.uwTick    0x100201d0        0x4 CMakeFiles/pocat_moon_sw.elf.dir/Drivers/STM32MP1xx_HAL_Driver/Src/stm32mp1xx_hal.c.obj
                0x100201d0                uwTick
 .bss.ulTotalRunTime
                0x100201d4        0x4 CMakeFiles/pocat_moon_sw.elf.dir/Middlewares/Third_Party/FreeRTOS/tasks.c.obj
 .bss.ulTaskSwitchedInTime
                0x100201d8        0x4 CMakeFiles/pocat_moon_sw.elf.dir/Middlewares/Third_Party/FreeRTOS/tasks.c.obj
 .bss.uxSchedulerSuspended
                0x100201dc        0x4 CMakeFiles/pocat_moon_sw.elf.dir/Middlewares/Third_Party/FreeRTOS/tasks.c.obj
 .bss.xIdleTaskHandle
                0x100201e0        0x4 CMakeFiles/pocat_moon_sw.elf.dir/Middlewares/Third_Party/FreeRTOS/tasks.c.obj
 .bss.xNextTaskUnblockTime
                0x100201e4        0x4 CMakeFiles/pocat_moon_sw.elf.dir/Middlewares/Third_Party/FreeRTOS/tasks.c.obj
 .bss.uxTaskNumber
                0x100201e8        0x4 CMakeFiles/pocat_moon_sw.elf.dir/Middlewares/Third_Party/FreeRTOS/tasks.c.obj
 .bss.xNumOfOverflows
                0x100201ec        0x4 CMakeFiles/pocat_moon_sw.elf.dir/Middlewares/Third_Party/FreeRTOS/tasks.c.obj
 .bss.xYieldPending
                0x100201f0        0x4 CMakeFiles/pocat_moon_sw.elf.dir/Middlewares/Third_Party/FreeRTOS/tasks.c.obj
 .bss.xPendedTicks
                0x100201f4        0x4 CMakeFiles/pocat_moon_sw.elf.dir/Middlewares/Third_Party/FreeRTOS/tasks.c.obj
 .bss.xSchedulerRunning
                0x100201f8        0x4 CMakeFiles/pocat_moon_sw.elf.dir/Middlewares/Third_Party/FreeRTOS/tasks.c.obj
 .bss.uxTopReadyPriority
                0x100201fc        0x4 CMakeFiles/pocat_moon_sw.elf.dir/Middlewares/Third_Party/FreeRTOS/tasks.c.obj
 .bss.xTickCount
                0x10020200        0x4 CMakeFiles/pocat_moon_sw.elf.dir/Middlewares/Third_Party/FreeRTOS/tasks.c.obj
 .bss.uxCurrentNumberOfTasks
                0x10020204        0x4 CMakeFiles/pocat_moon_sw.elf.dir/Middlewares/Third_Party/FreeRTOS/tasks.c.obj
 .bss.xSuspendedTaskList
                0x10020208       0x14 CMakeFiles/pocat_moon_sw.elf.dir/Middlewares/Third_Party/FreeRTOS/tasks.c.obj
 .bss.uxDeletedTasksWaitingCleanUp
                0x1002021c        0x4 CMakeFiles/pocat_moon_sw.elf.dir/Middlewares/Third_Party/FreeRTOS/tasks.c.obj
 .bss.xTasksWaitingTermination
                0x10020220       0x14 CMakeFiles/pocat_moon_sw.elf.dir/Middlewares/Third_Party/FreeRTOS/tasks.c.obj
 .bss.xPendingReadyList
                0x10020234       0x14 CMakeFiles/pocat_moon_sw.elf.dir/Middlewares/Third_Party/FreeRTOS/tasks.c.obj
 .bss.pxOverflowDelayedTaskList
                0x10020248        0x4 CMakeFiles/pocat_moon_sw.elf.dir/Middlewares/Third_Party/FreeRTOS/tasks.c.obj
 .bss.pxDelayedTaskList
                0x1002024c        0x4 CMakeFiles/pocat_moon_sw.elf.dir/Middlewares/Third_Party/FreeRTOS/tasks.c.obj
 .bss.xDelayedTaskList2
                0x10020250       0x14 CMakeFiles/pocat_moon_sw.elf.dir/Middlewares/Third_Party/FreeRTOS/tasks.c.obj
 .bss.xDelayedTaskList1
                0x10020264       0x14 CMakeFiles/pocat_moon_sw.elf.dir/Middlewares/Third_Party/FreeRTOS/tasks.c.obj
 .bss.pxReadyTasksLists
                0x10020278       0xb4 CMakeFiles/pocat_moon_sw.elf.dir/Middlewares/Third_Party/FreeRTOS/tasks.c.obj
 .bss.pxCurrentTCB
                0x1002032c        0x4 CMakeFiles/pocat_moon_sw.elf.dir/Middlewares/Third_Party/FreeRTOS/tasks.c.obj
                0x1002032c                pxCurrentTCB
 .bss.ulMaxPRIGROUPValue
                0x10020330        0x4 CMakeFiles/pocat_moon_sw.elf.dir/Middlewares/Third_Party/FreeRTOS/portable/GCC/ARM_CM4F/port.c.obj
 .bss.ucMaxSysCallPriority
                0x10020334        0x1 CMakeFiles/pocat_moon_sw.elf.dir/Middlewares/Third_Party/FreeRTOS/portable/GCC/ARM_CM4F/port.c.obj
 .bss.currentState
                0x10020335        0x1 CMakeFiles/pocat_moon_sw.elf.dir/Core/Src/Subsystems/obc.c.obj
 *fill*         0x10020336        0x2 
 .bss.obdh_task_handle
                0x10020338        0x4 CMakeFiles/pocat_moon_sw.elf.dir/Core/Src/Subsystems/obc.c.obj
 .bss.comms_task_handle
                0x1002033c        0x4 CMakeFiles/pocat_moon_sw.elf.dir/Core/Src/Subsystems/obc.c.obj
 .bss.eps_task_handle
                0x10020340        0x4 CMakeFiles/pocat_moon_sw.elf.dir/Core/Src/Subsystems/obc.c.obj
 .bss.payload_task_handle
                0x10020344        0x4 CMakeFiles/pocat_moon_sw.elf.dir/Core/Src/Subsystems/obc.c.obj
 .bss.uxIdleTaskStack.0
                0x10020348      0x200 CMakeFiles/pocat_moon_sw.elf.dir/Core/Src/Utils/freertos.c.obj
 .bss.xIdleTaskTCB.1
                0x10020548      0x180 CMakeFiles/pocat_moon_sw.elf.dir/Core/Src/Utils/freertos.c.obj
 .bss.huart3    0x100206c8       0x94 CMakeFiles/pocat_moon_sw.elf.dir/Core/Src/Utils/log.c.obj
 .bss.huart3    0x1002075c       0x94 CMakeFiles/pocat_moon_sw.elf.dir/Core/Src/main.c.obj
                0x1002075c                huart3
 .bss.hspi1     0x100207f0       0x88 CMakeFiles/pocat_moon_sw.elf.dir/Core/Src/main.c.obj
                0x100207f0                hspi1
 .bss.obc_task_handle
                0x10020878        0x4 CMakeFiles/pocat_moon_sw.elf.dir/Core/Src/main.c.obj
 .bss.heap_end.0
                0x1002087c        0x4 C:/Program Files (x86)/Arm GNU Toolchain arm-none-eabi/13.2 Rel1/bin/../lib/gcc/arm-none-eabi/13.2.1/thumb/v7e-m+fp/hard\libnosys.a(sbrk.o)
 *(COMMON)
                0x10020880                        . = ALIGN (0x4)
                0x10020880                        _ebss = .
                0x10020880                        __bss_end__ = _ebss

._user_heap_stack
                0x10020880      0x600 load address 0x10006050
                0x10020880                        . = ALIGN (0x8)
                0x10020880                        PROVIDE (end = .)
                [!provide]                        PROVIDE (_end = .)
                0x10020a80                        . = (. + _Min_Heap_Size)
 *fill*         0x10020880      0x200 
                0x10020e80                        . = (. + _Min_Stack_Size)
 *fill*         0x10020a80      0x400 
                0x10020e80                        . = ALIGN (0x8)

/DISCARD/
 libc.a(*)
 libm.a(*)
 libgcc.a(*)

.ARM.attributes
                0x00000000       0x30
 *(.ARM.attributes)
 .ARM.attributes
                0x00000000       0x22 C:/Program Files (x86)/Arm GNU Toolchain arm-none-eabi/13.2 Rel1/bin/../lib/gcc/arm-none-eabi/13.2.1/thumb/v7e-m+fp/hard/crti.o
 .ARM.attributes
                0x00000022       0x34 C:/Program Files (x86)/Arm GNU Toolchain arm-none-eabi/13.2 Rel1/bin/../lib/gcc/arm-none-eabi/13.2.1/thumb/v7e-m+fp/hard/crtbegin.o
 .ARM.attributes
                0x00000056       0x34 C:/Program Files (x86)/Arm GNU Toolchain arm-none-eabi/13.2 Rel1/bin/../lib/gcc/arm-none-eabi/13.2.1/thumb/v7e-m+fp/hard\libc_nano.a(libc_a-findfp.o)
 .ARM.attributes
                0x0000008a       0x34 C:/Program Files (x86)/Arm GNU Toolchain arm-none-eabi/13.2 Rel1/bin/../lib/gcc/arm-none-eabi/13.2.1/thumb/v7e-m+fp/hard\libc_nano.a(libc_a-fwalk.o)
 .ARM.attributes
                0x000000be       0x34 C:/Program Files (x86)/Arm GNU Toolchain arm-none-eabi/13.2 Rel1/bin/../lib/gcc/arm-none-eabi/13.2.1/thumb/v7e-m+fp/hard\libc_nano.a(libc_a-stdio.o)
 .ARM.attributes
                0x000000f2       0x34 C:/Program Files (x86)/Arm GNU Toolchain arm-none-eabi/13.2 Rel1/bin/../lib/gcc/arm-none-eabi/13.2.1/thumb/v7e-m+fp/hard\libc_nano.a(libc_a-memset.o)
 .ARM.attributes
                0x00000126       0x34 C:/Program Files (x86)/Arm GNU Toolchain arm-none-eabi/13.2 Rel1/bin/../lib/gcc/arm-none-eabi/13.2.1/thumb/v7e-m+fp/hard\libc_nano.a(libc_a-closer.o)
 .ARM.attributes
                0x0000015a       0x34 C:/Program Files (x86)/Arm GNU Toolchain arm-none-eabi/13.2 Rel1/bin/../lib/gcc/arm-none-eabi/13.2.1/thumb/v7e-m+fp/hard\libc_nano.a(libc_a-reent.o)
 .ARM.attributes
                0x0000018e       0x34 C:/Program Files (x86)/Arm GNU Toolchain arm-none-eabi/13.2 Rel1/bin/../lib/gcc/arm-none-eabi/13.2.1/thumb/v7e-m+fp/hard\libc_nano.a(libc_a-impure.o)
 .ARM.attributes
                0x000001c2       0x34 C:/Program Files (x86)/Arm GNU Toolchain arm-none-eabi/13.2 Rel1/bin/../lib/gcc/arm-none-eabi/13.2.1/thumb/v7e-m+fp/hard\libc_nano.a(libc_a-lseekr.o)
 .ARM.attributes
                0x000001f6       0x34 C:/Program Files (x86)/Arm GNU Toolchain arm-none-eabi/13.2 Rel1/bin/../lib/gcc/arm-none-eabi/13.2.1/thumb/v7e-m+fp/hard\libc_nano.a(libc_a-readr.o)
 .ARM.attributes
                0x0000022a       0x34 C:/Program Files (x86)/Arm GNU Toolchain arm-none-eabi/13.2 Rel1/bin/../lib/gcc/arm-none-eabi/13.2.1/thumb/v7e-m+fp/hard\libc_nano.a(libc_a-writer.o)
 .ARM.attributes
                0x0000025e       0x34 C:/Program Files (x86)/Arm GNU Toolchain arm-none-eabi/13.2 Rel1/bin/../lib/gcc/arm-none-eabi/13.2.1/thumb/v7e-m+fp/hard\libc_nano.a(libc_a-init.o)
 .ARM.attributes
                0x00000292       0x34 C:/Program Files (x86)/Arm GNU Toolchain arm-none-eabi/13.2 Rel1/bin/../lib/gcc/arm-none-eabi/13.2.1/thumb/v7e-m+fp/hard\libc_nano.a(libc_a-lock.o)
 .ARM.attributes
                0x000002c6       0x34 C:/Program Files (x86)/Arm GNU Toolchain arm-none-eabi/13.2 Rel1/bin/../lib/gcc/arm-none-eabi/13.2.1/thumb/v7e-m+fp/hard\libc_nano.a(libc_a-freer.o)
 .ARM.attributes
                0x000002fa       0x34 C:/Program Files (x86)/Arm GNU Toolchain arm-none-eabi/13.2 Rel1/bin/../lib/gcc/arm-none-eabi/13.2.1/thumb/v7e-m+fp/hard\libc_nano.a(libc_a-mallocr.o)
 .ARM.attributes
                0x0000032e       0x34 C:/Program Files (x86)/Arm GNU Toolchain arm-none-eabi/13.2 Rel1/bin/../lib/gcc/arm-none-eabi/13.2.1/thumb/v7e-m+fp/hard\libc_nano.a(libc_a-mlock.o)
 .ARM.attributes
                0x00000362       0x34 C:/Program Files (x86)/Arm GNU Toolchain arm-none-eabi/13.2 Rel1/bin/../lib/gcc/arm-none-eabi/13.2.1/thumb/v7e-m+fp/hard\libc_nano.a(libc_a-fflush.o)
 .ARM.attributes
                0x00000396       0x34 C:/Program Files (x86)/Arm GNU Toolchain arm-none-eabi/13.2 Rel1/bin/../lib/gcc/arm-none-eabi/13.2.1/thumb/v7e-m+fp/hard\libc_nano.a(libc_a-sbrkr.o)
 .ARM.attributes
                0x000003ca       0x34 CMakeFiles/pocat_moon_sw.elf.dir/Drivers/STM32MP1xx_HAL_Driver/Src/stm32mp1xx_hal.c.obj
 .ARM.attributes
                0x000003fe       0x34 CMakeFiles/pocat_moon_sw.elf.dir/Drivers/STM32MP1xx_HAL_Driver/Src/stm32mp1xx_hal_cortex.c.obj
 .ARM.attributes
                0x00000432       0x34 CMakeFiles/pocat_moon_sw.elf.dir/Drivers/STM32MP1xx_HAL_Driver/Src/stm32mp1xx_hal_gpio.c.obj
 .ARM.attributes
                0x00000466       0x34 CMakeFiles/pocat_moon_sw.elf.dir/Drivers/STM32MP1xx_HAL_Driver/Src/stm32mp1xx_hal_ipcc.c.obj
 .ARM.attributes
                0x0000049a       0x34 CMakeFiles/pocat_moon_sw.elf.dir/Drivers/STM32MP1xx_HAL_Driver/Src/stm32mp1xx_hal_pwr.c.obj
 .ARM.attributes
                0x000004ce       0x34 CMakeFiles/pocat_moon_sw.elf.dir/Drivers/STM32MP1xx_HAL_Driver/Src/stm32mp1xx_hal_rcc.c.obj
 .ARM.attributes
                0x00000502       0x34 CMakeFiles/pocat_moon_sw.elf.dir/Drivers/STM32MP1xx_HAL_Driver/Src/stm32mp1xx_hal_rcc_ex.c.obj
 .ARM.attributes
                0x00000536       0x34 CMakeFiles/pocat_moon_sw.elf.dir/Drivers/STM32MP1xx_HAL_Driver/Src/stm32mp1xx_hal_spi.c.obj
 .ARM.attributes
                0x0000056a       0x34 CMakeFiles/pocat_moon_sw.elf.dir/Drivers/STM32MP1xx_HAL_Driver/Src/stm32mp1xx_hal_uart.c.obj
 .ARM.attributes
                0x0000059e       0x34 CMakeFiles/pocat_moon_sw.elf.dir/Drivers/STM32MP1xx_HAL_Driver/Src/stm32mp1xx_hal_uart_ex.c.obj
 .ARM.attributes
                0x000005d2       0x34 CMakeFiles/pocat_moon_sw.elf.dir/Middlewares/Third_Party/FreeRTOS/list.c.obj
 .ARM.attributes
                0x00000606       0x34 CMakeFiles/pocat_moon_sw.elf.dir/Middlewares/Third_Party/FreeRTOS/tasks.c.obj
 .ARM.attributes
                0x0000063a       0x34 CMakeFiles/pocat_moon_sw.elf.dir/Middlewares/Third_Party/FreeRTOS/portable/GCC/ARM_CM4F/port.c.obj
 .ARM.attributes
                0x0000066e       0x34 CMakeFiles/pocat_moon_sw.elf.dir/Core/Src/Subsystems/eps.c.obj
 .ARM.attributes
                0x000006a2       0x34 CMakeFiles/pocat_moon_sw.elf.dir/Core/Src/Subsystems/obc.c.obj
 .ARM.attributes
                0x000006d6       0x34 CMakeFiles/pocat_moon_sw.elf.dir/Core/Src/Subsystems/obdh.c.obj
 .ARM.attributes
                0x0000070a       0x34 CMakeFiles/pocat_moon_sw.elf.dir/Core/Src/Subsystems/payload.c.obj
 .ARM.attributes
                0x0000073e       0x34 CMakeFiles/pocat_moon_sw.elf.dir/Core/Src/Utils/freertos.c.obj
 .ARM.attributes
                0x00000772       0x34 CMakeFiles/pocat_moon_sw.elf.dir/Core/Src/Utils/log.c.obj
 .ARM.attributes
                0x000007a6       0x34 CMakeFiles/pocat_moon_sw.elf.dir/Core/Src/main.c.obj
 .ARM.attributes
                0x000007da       0x34 CMakeFiles/pocat_moon_sw.elf.dir/Core/Src/stm32mp1xx_hal_msp.c.obj
 .ARM.attributes
                0x0000080e       0x34 CMakeFiles/pocat_moon_sw.elf.dir/Core/Src/stm32mp1xx_it.c.obj
 .ARM.attributes
                0x00000842       0x21 CMakeFiles/pocat_moon_sw.elf.dir/Core/Startup/startup_stm32mp157facx.s.obj
 .ARM.attributes
                0x00000863       0x34 C:/Program Files (x86)/Arm GNU Toolchain arm-none-eabi/13.2 Rel1/bin/../lib/gcc/arm-none-eabi/13.2.1/thumb/v7e-m+fp/hard\libg_nano.a(libc_a-puts.o)
 .ARM.attributes
                0x00000897       0x34 C:/Program Files (x86)/Arm GNU Toolchain arm-none-eabi/13.2 Rel1/bin/../lib/gcc/arm-none-eabi/13.2.1/thumb/v7e-m+fp/hard\libg_nano.a(libc_a-wbuf.o)
 .ARM.attributes
                0x000008cb       0x34 C:/Program Files (x86)/Arm GNU Toolchain arm-none-eabi/13.2 Rel1/bin/../lib/gcc/arm-none-eabi/13.2.1/thumb/v7e-m+fp/hard\libg_nano.a(libc_a-wsetup.o)
 .ARM.attributes
                0x000008ff       0x34 C:/Program Files (x86)/Arm GNU Toolchain arm-none-eabi/13.2 Rel1/bin/../lib/gcc/arm-none-eabi/13.2.1/thumb/v7e-m+fp/hard\libg_nano.a(libc_a-makebuf.o)
 .ARM.attributes
                0x00000933       0x34 C:/Program Files (x86)/Arm GNU Toolchain arm-none-eabi/13.2 Rel1/bin/../lib/gcc/arm-none-eabi/13.2.1/thumb/v7e-m+fp/hard\libg_nano.a(libc_a-fstatr.o)
 .ARM.attributes
                0x00000967       0x34 C:/Program Files (x86)/Arm GNU Toolchain arm-none-eabi/13.2 Rel1/bin/../lib/gcc/arm-none-eabi/13.2.1/thumb/v7e-m+fp/hard\libg_nano.a(libc_a-isattyr.o)
 .ARM.attributes
                0x0000099b       0x34 C:/Program Files (x86)/Arm GNU Toolchain arm-none-eabi/13.2 Rel1/bin/../lib/gcc/arm-none-eabi/13.2.1/thumb/v7e-m+fp/hard\libnosys.a(close.o)
 .ARM.attributes
                0x000009cf       0x34 C:/Program Files (x86)/Arm GNU Toolchain arm-none-eabi/13.2 Rel1/bin/../lib/gcc/arm-none-eabi/13.2.1/thumb/v7e-m+fp/hard\libnosys.a(fstat.o)
 .ARM.attributes
                0x00000a03       0x34 C:/Program Files (x86)/Arm GNU Toolchain arm-none-eabi/13.2 Rel1/bin/../lib/gcc/arm-none-eabi/13.2.1/thumb/v7e-m+fp/hard\libnosys.a(isatty.o)
 .ARM.attributes
                0x00000a37       0x34 C:/Program Files (x86)/Arm GNU Toolchain arm-none-eabi/13.2 Rel1/bin/../lib/gcc/arm-none-eabi/13.2.1/thumb/v7e-m+fp/hard\libnosys.a(lseek.o)
 .ARM.attributes
                0x00000a6b       0x34 C:/Program Files (x86)/Arm GNU Toolchain arm-none-eabi/13.2 Rel1/bin/../lib/gcc/arm-none-eabi/13.2.1/thumb/v7e-m+fp/hard\libnosys.a(read.o)
 .ARM.attributes
                0x00000a9f       0x34 C:/Program Files (x86)/Arm GNU Toolchain arm-none-eabi/13.2 Rel1/bin/../lib/gcc/arm-none-eabi/13.2.1/thumb/v7e-m+fp/hard\libnosys.a(sbrk.o)
 .ARM.attributes
                0x00000ad3       0x34 C:/Program Files (x86)/Arm GNU Toolchain arm-none-eabi/13.2 Rel1/bin/../lib/gcc/arm-none-eabi/13.2.1/thumb/v7e-m+fp/hard/crtend.o
 .ARM.attributes
                0x00000b07       0x22 C:/Program Files (x86)/Arm GNU Toolchain arm-none-eabi/13.2 Rel1/bin/../lib/gcc/arm-none-eabi/13.2.1/thumb/v7e-m+fp/hard/crtn.o
OUTPUT(pocat_moon_sw.elf elf32-littlearm)
LOAD linker stubs
LOAD C:/Program Files (x86)/Arm GNU Toolchain arm-none-eabi/13.2 Rel1/bin/../lib/gcc/arm-none-eabi/13.2.1/thumb/v7e-m+fp/hard\libc.a
LOAD C:/Program Files (x86)/Arm GNU Toolchain arm-none-eabi/13.2 Rel1/bin/../lib/gcc/arm-none-eabi/13.2.1/thumb/v7e-m+fp/hard\libm.a
LOAD C:/Program Files (x86)/Arm GNU Toolchain arm-none-eabi/13.2 Rel1/bin/../lib/gcc/arm-none-eabi/13.2.1/thumb/v7e-m+fp/hard\libgcc.a

.debug_frame    0x00000000     0x2e04
 .debug_frame   0x00000000      0x144 C:/Program Files (x86)/Arm GNU Toolchain arm-none-eabi/13.2 Rel1/bin/../lib/gcc/arm-none-eabi/13.2.1/thumb/v7e-m+fp/hard\libc_nano.a(libc_a-findfp.o)
 .debug_frame   0x00000144       0x34 C:/Program Files (x86)/Arm GNU Toolchain arm-none-eabi/13.2 Rel1/bin/../lib/gcc/arm-none-eabi/13.2.1/thumb/v7e-m+fp/hard\libc_nano.a(libc_a-fwalk.o)
 .debug_frame   0x00000178       0x88 C:/Program Files (x86)/Arm GNU Toolchain arm-none-eabi/13.2 Rel1/bin/../lib/gcc/arm-none-eabi/13.2.1/thumb/v7e-m+fp/hard\libc_nano.a(libc_a-stdio.o)
 .debug_frame   0x00000200       0x20 C:/Program Files (x86)/Arm GNU Toolchain arm-none-eabi/13.2 Rel1/bin/../lib/gcc/arm-none-eabi/13.2.1/thumb/v7e-m+fp/hard\libc_nano.a(libc_a-memset.o)
 .debug_frame   0x00000220       0x2c C:/Program Files (x86)/Arm GNU Toolchain arm-none-eabi/13.2 Rel1/bin/../lib/gcc/arm-none-eabi/13.2.1/thumb/v7e-m+fp/hard\libc_nano.a(libc_a-closer.o)
 .debug_frame   0x0000024c       0x38 C:/Program Files (x86)/Arm GNU Toolchain arm-none-eabi/13.2 Rel1/bin/../lib/gcc/arm-none-eabi/13.2.1/thumb/v7e-m+fp/hard\libc_nano.a(libc_a-reent.o)
 .debug_frame   0x00000284       0x2c C:/Program Files (x86)/Arm GNU Toolchain arm-none-eabi/13.2 Rel1/bin/../lib/gcc/arm-none-eabi/13.2.1/thumb/v7e-m+fp/hard\libc_nano.a(libc_a-lseekr.o)
 .debug_frame   0x000002b0       0x2c C:/Program Files (x86)/Arm GNU Toolchain arm-none-eabi/13.2 Rel1/bin/../lib/gcc/arm-none-eabi/13.2.1/thumb/v7e-m+fp/hard\libc_nano.a(libc_a-readr.o)
 .debug_frame   0x000002dc       0x2c C:/Program Files (x86)/Arm GNU Toolchain arm-none-eabi/13.2 Rel1/bin/../lib/gcc/arm-none-eabi/13.2.1/thumb/v7e-m+fp/hard\libc_nano.a(libc_a-writer.o)
 .debug_frame   0x00000308       0x2c C:/Program Files (x86)/Arm GNU Toolchain arm-none-eabi/13.2 Rel1/bin/../lib/gcc/arm-none-eabi/13.2.1/thumb/v7e-m+fp/hard\libc_nano.a(libc_a-init.o)
 .debug_frame   0x00000334       0xb0 C:/Program Files (x86)/Arm GNU Toolchain arm-none-eabi/13.2 Rel1/bin/../lib/gcc/arm-none-eabi/13.2.1/thumb/v7e-m+fp/hard\libc_nano.a(libc_a-lock.o)
 .debug_frame   0x000003e4       0x38 C:/Program Files (x86)/Arm GNU Toolchain arm-none-eabi/13.2 Rel1/bin/../lib/gcc/arm-none-eabi/13.2.1/thumb/v7e-m+fp/hard\libc_nano.a(libc_a-freer.o)
 .debug_frame   0x0000041c       0x50 C:/Program Files (x86)/Arm GNU Toolchain arm-none-eabi/13.2 Rel1/bin/../lib/gcc/arm-none-eabi/13.2.1/thumb/v7e-m+fp/hard\libc_nano.a(libc_a-mallocr.o)
 .debug_frame   0x0000046c       0x30 C:/Program Files (x86)/Arm GNU Toolchain arm-none-eabi/13.2 Rel1/bin/../lib/gcc/arm-none-eabi/13.2.1/thumb/v7e-m+fp/hard\libc_nano.a(libc_a-mlock.o)
 .debug_frame   0x0000049c       0x5c C:/Program Files (x86)/Arm GNU Toolchain arm-none-eabi/13.2 Rel1/bin/../lib/gcc/arm-none-eabi/13.2.1/thumb/v7e-m+fp/hard\libc_nano.a(libc_a-fflush.o)
 .debug_frame   0x000004f8       0x2c C:/Program Files (x86)/Arm GNU Toolchain arm-none-eabi/13.2 Rel1/bin/../lib/gcc/arm-none-eabi/13.2.1/thumb/v7e-m+fp/hard\libc_nano.a(libc_a-sbrkr.o)
 .debug_frame   0x00000524      0x318 CMakeFiles/pocat_moon_sw.elf.dir/Drivers/STM32MP1xx_HAL_Driver/Src/stm32mp1xx_hal.c.obj
 .debug_frame   0x0000083c      0x1b4 CMakeFiles/pocat_moon_sw.elf.dir/Drivers/STM32MP1xx_HAL_Driver/Src/stm32mp1xx_hal_cortex.c.obj
 .debug_frame   0x000009f0       0xe0 CMakeFiles/pocat_moon_sw.elf.dir/Drivers/STM32MP1xx_HAL_Driver/Src/stm32mp1xx_hal_gpio.c.obj
 .debug_frame   0x00000ad0      0x180 CMakeFiles/pocat_moon_sw.elf.dir/Drivers/STM32MP1xx_HAL_Driver/Src/stm32mp1xx_hal_ipcc.c.obj
 .debug_frame   0x00000c50      0x12c CMakeFiles/pocat_moon_sw.elf.dir/Drivers/STM32MP1xx_HAL_Driver/Src/stm32mp1xx_hal_pwr.c.obj
 .debug_frame   0x00000d7c      0x408 CMakeFiles/pocat_moon_sw.elf.dir/Drivers/STM32MP1xx_HAL_Driver/Src/stm32mp1xx_hal_rcc.c.obj
 .debug_frame   0x00001184       0xdc CMakeFiles/pocat_moon_sw.elf.dir/Drivers/STM32MP1xx_HAL_Driver/Src/stm32mp1xx_hal_rcc_ex.c.obj
 .debug_frame   0x00001260      0x488 CMakeFiles/pocat_moon_sw.elf.dir/Drivers/STM32MP1xx_HAL_Driver/Src/stm32mp1xx_hal_spi.c.obj
 .debug_frame   0x000016e8      0x708 CMakeFiles/pocat_moon_sw.elf.dir/Drivers/STM32MP1xx_HAL_Driver/Src/stm32mp1xx_hal_uart.c.obj
 .debug_frame   0x00001df0      0x15c CMakeFiles/pocat_moon_sw.elf.dir/Drivers/STM32MP1xx_HAL_Driver/Src/stm32mp1xx_hal_uart_ex.c.obj
 .debug_frame   0x00001f4c       0x70 CMakeFiles/pocat_moon_sw.elf.dir/Middlewares/Third_Party/FreeRTOS/list.c.obj
 .debug_frame   0x00001fbc      0x6b0 CMakeFiles/pocat_moon_sw.elf.dir/Middlewares/Third_Party/FreeRTOS/tasks.c.obj
 .debug_frame   0x0000266c      0x110 CMakeFiles/pocat_moon_sw.elf.dir/Middlewares/Third_Party/FreeRTOS/portable/GCC/ARM_CM4F/port.c.obj
 .debug_frame   0x0000277c       0x58 CMakeFiles/pocat_moon_sw.elf.dir/Core/Src/Subsystems/eps.c.obj
 .debug_frame   0x000027d4       0xdc CMakeFiles/pocat_moon_sw.elf.dir/Core/Src/Subsystems/obc.c.obj
 .debug_frame   0x000028b0       0x58 CMakeFiles/pocat_moon_sw.elf.dir/Core/Src/Subsystems/obdh.c.obj
 .debug_frame   0x00002908       0x74 CMakeFiles/pocat_moon_sw.elf.dir/Core/Src/Subsystems/payload.c.obj
 .debug_frame   0x0000297c       0x40 CMakeFiles/pocat_moon_sw.elf.dir/Core/Src/Utils/freertos.c.obj
 .debug_frame   0x000029bc       0x28 CMakeFiles/pocat_moon_sw.elf.dir/Core/Src/Utils/log.c.obj
 .debug_frame   0x000029e4       0x80 CMakeFiles/pocat_moon_sw.elf.dir/Core/Src/main.c.obj
 .debug_frame   0x00002a64       0x98 CMakeFiles/pocat_moon_sw.elf.dir/Core/Src/stm32mp1xx_hal_msp.c.obj
 .debug_frame   0x00002afc       0xf0 CMakeFiles/pocat_moon_sw.elf.dir/Core/Src/stm32mp1xx_it.c.obj
 .debug_frame   0x00002bec       0x3c C:/Program Files (x86)/Arm GNU Toolchain arm-none-eabi/13.2 Rel1/bin/../lib/gcc/arm-none-eabi/13.2.1/thumb/v7e-m+fp/hard\libg_nano.a(libc_a-puts.o)
 .debug_frame   0x00002c28       0x40 C:/Program Files (x86)/Arm GNU Toolchain arm-none-eabi/13.2 Rel1/bin/../lib/gcc/arm-none-eabi/13.2.1/thumb/v7e-m+fp/hard\libg_nano.a(libc_a-wbuf.o)
 .debug_frame   0x00002c68       0x2c C:/Program Files (x86)/Arm GNU Toolchain arm-none-eabi/13.2 Rel1/bin/../lib/gcc/arm-none-eabi/13.2.1/thumb/v7e-m+fp/hard\libg_nano.a(libc_a-wsetup.o)
 .debug_frame   0x00002c94       0x58 C:/Program Files (x86)/Arm GNU Toolchain arm-none-eabi/13.2 Rel1/bin/../lib/gcc/arm-none-eabi/13.2.1/thumb/v7e-m+fp/hard\libg_nano.a(libc_a-makebuf.o)
 .debug_frame   0x00002cec       0x2c C:/Program Files (x86)/Arm GNU Toolchain arm-none-eabi/13.2 Rel1/bin/../lib/gcc/arm-none-eabi/13.2.1/thumb/v7e-m+fp/hard\libg_nano.a(libc_a-fstatr.o)
 .debug_frame   0x00002d18       0x2c C:/Program Files (x86)/Arm GNU Toolchain arm-none-eabi/13.2 Rel1/bin/../lib/gcc/arm-none-eabi/13.2.1/thumb/v7e-m+fp/hard\libg_nano.a(libc_a-isattyr.o)
 .debug_frame   0x00002d44       0x20 C:/Program Files (x86)/Arm GNU Toolchain arm-none-eabi/13.2 Rel1/bin/../lib/gcc/arm-none-eabi/13.2.1/thumb/v7e-m+fp/hard\libnosys.a(close.o)
 .debug_frame   0x00002d64       0x20 C:/Program Files (x86)/Arm GNU Toolchain arm-none-eabi/13.2 Rel1/bin/../lib/gcc/arm-none-eabi/13.2.1/thumb/v7e-m+fp/hard\libnosys.a(fstat.o)
 .debug_frame   0x00002d84       0x20 C:/Program Files (x86)/Arm GNU Toolchain arm-none-eabi/13.2 Rel1/bin/../lib/gcc/arm-none-eabi/13.2.1/thumb/v7e-m+fp/hard\libnosys.a(isatty.o)
 .debug_frame   0x00002da4       0x20 C:/Program Files (x86)/Arm GNU Toolchain arm-none-eabi/13.2 Rel1/bin/../lib/gcc/arm-none-eabi/13.2.1/thumb/v7e-m+fp/hard\libnosys.a(lseek.o)
 .debug_frame   0x00002dc4       0x20 C:/Program Files (x86)/Arm GNU Toolchain arm-none-eabi/13.2 Rel1/bin/../lib/gcc/arm-none-eabi/13.2.1/thumb/v7e-m+fp/hard\libnosys.a(read.o)
 .debug_frame   0x00002de4       0x20 C:/Program Files (x86)/Arm GNU Toolchain arm-none-eabi/13.2 Rel1/bin/../lib/gcc/arm-none-eabi/13.2.1/thumb/v7e-m+fp/hard\libnosys.a(sbrk.o)

.debug_info     0x00000000    0x1a54e
 .debug_info    0x00000000      0xed2 CMakeFiles/pocat_moon_sw.elf.dir/Drivers/STM32MP1xx_HAL_Driver/Src/stm32mp1xx_hal.c.obj
 .debug_info    0x00000ed2     0x10b0 CMakeFiles/pocat_moon_sw.elf.dir/Drivers/STM32MP1xx_HAL_Driver/Src/stm32mp1xx_hal_cortex.c.obj
 .debug_info    0x00001f82      0x98c CMakeFiles/pocat_moon_sw.elf.dir/Drivers/STM32MP1xx_HAL_Driver/Src/stm32mp1xx_hal_gpio.c.obj
 .debug_info    0x0000290e      0x980 CMakeFiles/pocat_moon_sw.elf.dir/Drivers/STM32MP1xx_HAL_Driver/Src/stm32mp1xx_hal_ipcc.c.obj
 .debug_info    0x0000328e     0x1733 CMakeFiles/pocat_moon_sw.elf.dir/Drivers/STM32MP1xx_HAL_Driver/Src/stm32mp1xx_hal_pwr.c.obj
 .debug_info    0x000049c1     0x20e9 CMakeFiles/pocat_moon_sw.elf.dir/Drivers/STM32MP1xx_HAL_Driver/Src/stm32mp1xx_hal_rcc.c.obj
 .debug_info    0x00006aaa     0x2257 CMakeFiles/pocat_moon_sw.elf.dir/Drivers/STM32MP1xx_HAL_Driver/Src/stm32mp1xx_hal_rcc_ex.c.obj
 .debug_info    0x00008d01     0x1bb7 CMakeFiles/pocat_moon_sw.elf.dir/Drivers/STM32MP1xx_HAL_Driver/Src/stm32mp1xx_hal_spi.c.obj
 .debug_info    0x0000a8b8     0x3744 CMakeFiles/pocat_moon_sw.elf.dir/Drivers/STM32MP1xx_HAL_Driver/Src/stm32mp1xx_hal_uart.c.obj
 .debug_info    0x0000dffc     0x119c CMakeFiles/pocat_moon_sw.elf.dir/Drivers/STM32MP1xx_HAL_Driver/Src/stm32mp1xx_hal_uart_ex.c.obj
 .debug_info    0x0000f198      0x2c3 CMakeFiles/pocat_moon_sw.elf.dir/Middlewares/Third_Party/FreeRTOS/list.c.obj
 .debug_info    0x0000f45b     0x3912 CMakeFiles/pocat_moon_sw.elf.dir/Middlewares/Third_Party/FreeRTOS/tasks.c.obj
 .debug_info    0x00012d6d      0x55e CMakeFiles/pocat_moon_sw.elf.dir/Middlewares/Third_Party/FreeRTOS/portable/GCC/ARM_CM4F/port.c.obj
 .debug_info    0x000132cb      0x119 CMakeFiles/pocat_moon_sw.elf.dir/Core/Src/Subsystems/eps.c.obj
 .debug_info    0x000133e4      0x559 CMakeFiles/pocat_moon_sw.elf.dir/Core/Src/Subsystems/obc.c.obj
 .debug_info    0x0001393d      0x117 CMakeFiles/pocat_moon_sw.elf.dir/Core/Src/Subsystems/obdh.c.obj
 .debug_info    0x00013a54      0x1d2 CMakeFiles/pocat_moon_sw.elf.dir/Core/Src/Subsystems/payload.c.obj
 .debug_info    0x00013c26      0x974 CMakeFiles/pocat_moon_sw.elf.dir/Core/Src/Utils/freertos.c.obj
 .debug_info    0x0001459a      0xccd CMakeFiles/pocat_moon_sw.elf.dir/Core/Src/Utils/log.c.obj
 .debug_info    0x00015267     0x257f CMakeFiles/pocat_moon_sw.elf.dir/Core/Src/main.c.obj
 .debug_info    0x000177e6     0x29b0 CMakeFiles/pocat_moon_sw.elf.dir/Core/Src/stm32mp1xx_hal_msp.c.obj
 .debug_info    0x0001a196      0x388 CMakeFiles/pocat_moon_sw.elf.dir/Core/Src/stm32mp1xx_it.c.obj
 .debug_info    0x0001a51e       0x30 CMakeFiles/pocat_moon_sw.elf.dir/Core/Startup/startup_stm32mp157facx.s.obj

.debug_abbrev   0x00000000     0x3198
 .debug_abbrev  0x00000000      0x2e2 CMakeFiles/pocat_moon_sw.elf.dir/Drivers/STM32MP1xx_HAL_Driver/Src/stm32mp1xx_hal.c.obj
 .debug_abbrev  0x000002e2      0x3c4 CMakeFiles/pocat_moon_sw.elf.dir/Drivers/STM32MP1xx_HAL_Driver/Src/stm32mp1xx_hal_cortex.c.obj
 .debug_abbrev  0x000006a6      0x23f CMakeFiles/pocat_moon_sw.elf.dir/Drivers/STM32MP1xx_HAL_Driver/Src/stm32mp1xx_hal_gpio.c.obj
 .debug_abbrev  0x000008e5      0x2c8 CMakeFiles/pocat_moon_sw.elf.dir/Drivers/STM32MP1xx_HAL_Driver/Src/stm32mp1xx_hal_ipcc.c.obj
 .debug_abbrev  0x00000bad      0x18b CMakeFiles/pocat_moon_sw.elf.dir/Drivers/STM32MP1xx_HAL_Driver/Src/stm32mp1xx_hal_pwr.c.obj
 .debug_abbrev  0x00000d38      0x2ad CMakeFiles/pocat_moon_sw.elf.dir/Drivers/STM32MP1xx_HAL_Driver/Src/stm32mp1xx_hal_rcc.c.obj
 .debug_abbrev  0x00000fe5      0x2df CMakeFiles/pocat_moon_sw.elf.dir/Drivers/STM32MP1xx_HAL_Driver/Src/stm32mp1xx_hal_rcc_ex.c.obj
 .debug_abbrev  0x000012c4      0x2c4 CMakeFiles/pocat_moon_sw.elf.dir/Drivers/STM32MP1xx_HAL_Driver/Src/stm32mp1xx_hal_spi.c.obj
 .debug_abbrev  0x00001588      0x2d6 CMakeFiles/pocat_moon_sw.elf.dir/Drivers/STM32MP1xx_HAL_Driver/Src/stm32mp1xx_hal_uart.c.obj
 .debug_abbrev  0x0000185e      0x2a0 CMakeFiles/pocat_moon_sw.elf.dir/Drivers/STM32MP1xx_HAL_Driver/Src/stm32mp1xx_hal_uart_ex.c.obj
 .debug_abbrev  0x00001afe      0x10c CMakeFiles/pocat_moon_sw.elf.dir/Middlewares/Third_Party/FreeRTOS/list.c.obj
 .debug_abbrev  0x00001c0a      0x461 CMakeFiles/pocat_moon_sw.elf.dir/Middlewares/Third_Party/FreeRTOS/tasks.c.obj
 .debug_abbrev  0x0000206b      0x295 CMakeFiles/pocat_moon_sw.elf.dir/Middlewares/Third_Party/FreeRTOS/portable/GCC/ARM_CM4F/port.c.obj
 .debug_abbrev  0x00002300       0xa9 CMakeFiles/pocat_moon_sw.elf.dir/Core/Src/Subsystems/eps.c.obj
 .debug_abbrev  0x000023a9      0x1b2 CMakeFiles/pocat_moon_sw.elf.dir/Core/Src/Subsystems/obc.c.obj
 .debug_abbrev  0x0000255b       0x90 CMakeFiles/pocat_moon_sw.elf.dir/Core/Src/Subsystems/obdh.c.obj
 .debug_abbrev  0x000025eb      0x12e CMakeFiles/pocat_moon_sw.elf.dir/Core/Src/Subsystems/payload.c.obj
 .debug_abbrev  0x00002719      0x1e1 CMakeFiles/pocat_moon_sw.elf.dir/Core/Src/Utils/freertos.c.obj
 .debug_abbrev  0x000028fa      0x1ad CMakeFiles/pocat_moon_sw.elf.dir/Core/Src/Utils/log.c.obj
 .debug_abbrev  0x00002aa7      0x2dd CMakeFiles/pocat_moon_sw.elf.dir/Core/Src/main.c.obj
 .debug_abbrev  0x00002d84      0x265 CMakeFiles/pocat_moon_sw.elf.dir/Core/Src/stm32mp1xx_hal_msp.c.obj
 .debug_abbrev  0x00002fe9      0x18b CMakeFiles/pocat_moon_sw.elf.dir/Core/Src/stm32mp1xx_it.c.obj
 .debug_abbrev  0x00003174       0x24 CMakeFiles/pocat_moon_sw.elf.dir/Core/Startup/startup_stm32mp157facx.s.obj

.debug_loclists
                0x00000000     0x8ab5
 .debug_loclists
                0x00000000      0x172 CMakeFiles/pocat_moon_sw.elf.dir/Drivers/STM32MP1xx_HAL_Driver/Src/stm32mp1xx_hal.c.obj
 .debug_loclists
                0x00000172      0x530 CMakeFiles/pocat_moon_sw.elf.dir/Drivers/STM32MP1xx_HAL_Driver/Src/stm32mp1xx_hal_cortex.c.obj
 .debug_loclists
                0x000006a2      0x2d7 CMakeFiles/pocat_moon_sw.elf.dir/Drivers/STM32MP1xx_HAL_Driver/Src/stm32mp1xx_hal_gpio.c.obj
 .debug_loclists
                0x00000979      0x685 CMakeFiles/pocat_moon_sw.elf.dir/Drivers/STM32MP1xx_HAL_Driver/Src/stm32mp1xx_hal_ipcc.c.obj
 .debug_loclists
                0x00000ffe       0x9d CMakeFiles/pocat_moon_sw.elf.dir/Drivers/STM32MP1xx_HAL_Driver/Src/stm32mp1xx_hal_pwr.c.obj
 .debug_loclists
                0x0000109b      0xaca CMakeFiles/pocat_moon_sw.elf.dir/Drivers/STM32MP1xx_HAL_Driver/Src/stm32mp1xx_hal_rcc.c.obj
 .debug_loclists
                0x00001b65     0x2397 CMakeFiles/pocat_moon_sw.elf.dir/Drivers/STM32MP1xx_HAL_Driver/Src/stm32mp1xx_hal_rcc_ex.c.obj
 .debug_loclists
                0x00003efc     0x138a CMakeFiles/pocat_moon_sw.elf.dir/Drivers/STM32MP1xx_HAL_Driver/Src/stm32mp1xx_hal_spi.c.obj
 .debug_loclists
                0x00005286     0x18f0 CMakeFiles/pocat_moon_sw.elf.dir/Drivers/STM32MP1xx_HAL_Driver/Src/stm32mp1xx_hal_uart.c.obj
 .debug_loclists
                0x00006b76      0x3c5 CMakeFiles/pocat_moon_sw.elf.dir/Drivers/STM32MP1xx_HAL_Driver/Src/stm32mp1xx_hal_uart_ex.c.obj
 .debug_loclists
                0x00006f3b       0x75 CMakeFiles/pocat_moon_sw.elf.dir/Middlewares/Third_Party/FreeRTOS/list.c.obj
 .debug_loclists